Component: ARM Compiler 5.06 update 6 (build 750) Tool: armlink [4d35ed]

==============================================================================

Section Cross References

    main.o(i.cardOpenDoor_thread_entry) refers to _printf_percent.o(.ARM.Collect$$_printf_percent$$00000000) for _printf_percent
    main.o(i.cardOpenDoor_thread_entry) refers to _printf_d.o(.ARM.Collect$$_printf_percent$$00000009) for _printf_d
    main.o(i.cardOpenDoor_thread_entry) refers to _printf_dec.o(.text) for _printf_int_dec
    main.o(i.cardOpenDoor_thread_entry) refers to _printf_pad.o(.text) for _printf_pre_padding
    main.o(i.cardOpenDoor_thread_entry) refers to _printf_x.o(.ARM.Collect$$_printf_percent$$0000000C) for _printf_x
    main.o(i.cardOpenDoor_thread_entry) refers to _printf_hex_int.o(.text) for _printf_longlong_hex
    main.o(i.cardOpenDoor_thread_entry) refers to noretval__2printf.o(.text) for __2printf
    main.o(i.cardOpenDoor_thread_entry) refers to thread.o(i.rt_thread_delay) for rt_thread_delay
    main.o(i.cardOpenDoor_thread_entry) refers to mfrc522.o(i.rwCardData) for rwCardData
    main.o(i.cardOpenDoor_thread_entry) refers to flash.o(i.STMFLASH_ReadWord) for STMFLASH_ReadWord
    main.o(i.cardOpenDoor_thread_entry) refers to flash.o(i.write_flash) for write_flash
    main.o(i.cardOpenDoor_thread_entry) refers to key_int.o(.data) for cardRegisterFlag
    main.o(i.cardOpenDoor_thread_entry) refers to main.o(.data) for sm05cmdbuf
    main.o(i.cardOpenDoor_thread_entry) refers to mfrc522.o(.data) for cardAllInfo_IDA
    main.o(i.event_thread_entry) refers to _printf_percent.o(.ARM.Collect$$_printf_percent$$00000000) for _printf_percent
    main.o(i.event_thread_entry) refers to _printf_d.o(.ARM.Collect$$_printf_percent$$00000009) for _printf_d
    main.o(i.event_thread_entry) refers to _printf_dec.o(.text) for _printf_int_dec
    main.o(i.event_thread_entry) refers to noretval__2printf.o(.text) for __2printf
    main.o(i.event_thread_entry) refers to supersonic.o(i.get_sro4_distance) for get_sro4_distance
    main.o(i.event_thread_entry) refers to esp8266.o(i.sendDataTOONENET) for sendDataTOONENET
    main.o(i.event_thread_entry) refers to led.o(i.led_onoff) for led_onoff
    main.o(i.event_thread_entry) refers to thread.o(i.rt_thread_delay) for rt_thread_delay
    main.o(i.event_thread_entry) refers to main.o(.data) for api_key
    main.o(i.main) refers to misc.o(i.NVIC_PriorityGroupConfig) for NVIC_PriorityGroupConfig
    main.o(i.main) refers to timer.o(i.timer1_init) for timer1_init
    main.o(i.main) refers to usart.o(i.usart1_init) for usart1_init
    main.o(i.main) refers to usart.o(i.usart3_init) for usart3_init
    main.o(i.main) refers to delay.o(i.DWT_Delay_Init) for DWT_Delay_Init
    main.o(i.main) refers to adc.o(i.adc_init) for adc_init
    main.o(i.main) refers to mq2.o(i.MQ2_init) for MQ2_init
    main.o(i.main) refers to dht11.o(i.dht11_init) for dht11_init
    main.o(i.main) refers to flame.o(i.flame_init) for flame_init
    main.o(i.main) refers to supersonic.o(i.supersonic_init) for supersonic_init
    main.o(i.main) refers to oled_i2c.o(i.I2C_Configuration) for I2C_Configuration
    main.o(i.main) refers to mfrc522.o(i.MFRC522_Initializtion) for MFRC522_Initializtion
    main.o(i.main) refers to oled_i2c.o(i.OLED_Init) for OLED_Init
    main.o(i.main) refers to oled_i2c.o(i.show_mq2_dht11) for show_mq2_dht11
    main.o(i.main) refers to key_int.o(i.key_int_init) for key_int_init
    main.o(i.main) refers to noretval__2printf.o(.text) for __2printf
    main.o(i.main) refers to esp8266.o(i.ESP8266_STATCPClient_MODE_Init) for ESP8266_STATCPClient_MODE_Init
    main.o(i.main) refers to thread.o(i.rt_thread_init) for rt_thread_init
    main.o(i.main) refers to thread.o(i.rt_thread_startup) for rt_thread_startup
    main.o(i.main) refers to main.o(.bss) for rt_event_thread_stack
    main.o(i.main) refers to main.o(i.event_thread_entry) for event_thread_entry
    main.o(i.main) refers to main.o(i.mainevent_thread_entry) for mainevent_thread_entry
    main.o(i.main) refers to main.o(i.cardOpenDoor_thread_entry) for cardOpenDoor_thread_entry
    main.o(i.mainevent_thread_entry) refers to _printf_percent.o(.ARM.Collect$$_printf_percent$$00000000) for _printf_percent
    main.o(i.mainevent_thread_entry) refers to _printf_f.o(.ARM.Collect$$_printf_percent$$00000003) for _printf_f
    main.o(i.mainevent_thread_entry) refers to printf1.o(x$fpl$printf1) for _printf_fp_dec
    main.o(i.mainevent_thread_entry) refers to noretval__2printf.o(.text) for __2printf
    main.o(i.mainevent_thread_entry) refers to esp8266.o(i.sendDataTOONENET) for sendDataTOONENET
    main.o(i.mainevent_thread_entry) refers to oled_i2c.o(i.OLED_ShowCN) for OLED_ShowCN
    main.o(i.mainevent_thread_entry) refers to led.o(i.led_onoff) for led_onoff
    main.o(i.mainevent_thread_entry) refers to thread.o(i.rt_thread_delay) for rt_thread_delay
[...]
    FSMC_IRQHandler                          0x080002b7   Thumb Code     0  startup_stm32f40_41xxx.o(.text)
    HASH_RNG_IRQHandler                      0x080002b7   Thumb Code     0  startup_stm32f40_41xxx.o(.text)
    I2C1_ER_IRQHandler                       0x080002b7   Thumb Code     0  startup_stm32f40_41xxx.o(.text)
    I2C1_EV_IRQHandler                       0x080002b7   Thumb Code     0  startup_stm32f40_41xxx.o(.text)
    I2C2_ER_IRQHandler                       0x080002b7   Thumb Code     0  startup_stm32f40_41xxx.o(.text)
    I2C2_EV_IRQHandler                       0x080002b7   Thumb Code     0  startup_stm32f40_41xxx.o(.text)
    I2C3_ER_IRQHandler                       0x080002b7   Thumb Code     0  startup_stm32f40_41xxx.o(.text)
    I2C3_EV_IRQHandler                       0x080002b7   Thumb Code     0  startup_stm32f40_41xxx.o(.text)
    OTG_FS_IRQHandler                        0x080002b7   Thumb Code     0  startup_stm32f40_41xxx.o(.text)
    OTG_FS_WKUP_IRQHandler                   0x080002b7   Thumb Code     0  startup_stm32f40_41xxx.o(.text)
    OTG_HS_EP1_IN_IRQHandler                 0x080002b7   Thumb Code     0  startup_stm32f40_41xxx.o(.text)
    OTG_HS_EP1_OUT_IRQHandler                0x080002b7   Thumb Code     0  startup_stm32f40_41xxx.o(.text)
    OTG_HS_IRQHandler                        0x080002b7   Thumb Code     0  startup_stm32f40_41xxx.o(.text)
    OTG_HS_WKUP_IRQHandler                   0x080002b7   Thumb Code     0  startup_stm32f40_41xxx.o(.text)
    PVD_IRQHandler                           0x080002b7   Thumb Code     0  startup_stm32f40_41xxx.o(.text)
    RCC_IRQHandler                           0x080002b7   Thumb Code     0  startup_stm32f40_41xxx.o(.text)
    RTC_Alarm_IRQHandler                     0x080002b7   Thumb Code     0  startup_stm32f40_41xxx.o(.text)
    RTC_WKUP_IRQHandler                      0x080002b7   Thumb Code     0  startup_stm32f40_41xxx.o(.text)
    SDIO_IRQHandler                          0x080002b7   Thumb Code     0  startup_stm32f40_41xxx.o(.text)
    SPI1_IRQHandler                          0x080002b7   Thumb Code     0  startup_stm32f40_41xxx.o(.text)
    SPI2_IRQHandler                          0x080002b7   Thumb Code     0  startup_stm32f40_41xxx.o(.text)
    SPI3_IRQHandler                          0x080002b7   Thumb Code     0  startup_stm32f40_41xxx.o(.text)
    TAMP_STAMP_IRQHandler                    0x080002b7   Thumb Code     0  startup_stm32f40_41xxx.o(.text)
    TIM1_BRK_TIM9_IRQHandler                 0x080002b7   Thumb Code     0  startup_stm32f40_41xxx.o(.text)
    TIM1_CC_IRQHandler                       0x080002b7   Thumb Code     0  startup_stm32f40_41xxx.o(.text)
    TIM1_TRG_COM_TIM11_IRQHandler            0x080002b7   Thumb Code     0  startup_stm32f40_41xxx.o(.text)
    TIM1_UP_TIM10_IRQHandler                 0x080002b7   Thumb Code     0  startup_stm32f40_41xxx.o(.text)
    TIM4_IRQHandler                          0x080002b7   Thumb Code     0  startup_stm32f40_41xxx.o(.text)
    TIM5_IRQHandler                          0x080002b7   Thumb Code     0  startup_stm32f40_41xxx.o(.text)
    TIM6_DAC_IRQHandler                      0x080002b7   Thumb Code     0  startup_stm32f40_41xxx.o(.text)
    TIM7_IRQHandler                          0x080002b7   Thumb Code     0  startup_stm32f40_41xxx.o(.text)
    TIM8_BRK_TIM12_IRQHandler                0x080002b7   Thumb Code     0  startup_stm32f40_41xxx.o(.text)
    TIM8_CC_IRQHandler                       0x080002b7   Thumb Code     0  startup_stm32f40_41xxx.o(.text)
    TIM8_TRG_COM_TIM14_IRQHandler            0x080002b7   Thumb Code     0  startup_stm32f40_41xxx.o(.text)
    TIM8_UP_TIM13_IRQHandler                 0x080002b7   Thumb Code     0  startup_stm32f40_41xxx.o(.text)
    UART4_IRQHandler                         0x080002b7   Thumb Code     0  startup_stm32f40_41xxx.o(.text)
    UART5_IRQHandler                         0x080002b7   Thumb Code     0  startup_stm32f40_41xxx.o(.text)
    USART2_IRQHandler                        0x080002b7   Thumb Code     0  startup_stm32f40_41xxx.o(.text)
    USART6_IRQHandler                        0x080002b7   Thumb Code     0  startup_stm32f40_41xxx.o(.text)
    WWDG_IRQHandler                          0x080002b7   Thumb Code     0  startup_stm32f40_41xxx.o(.text)
    __user_initial_stackheap                 0x080002b9   Thumb Code     0  startup_stm32f40_41xxx.o(.text)
    rt_hw_interrupt_disable                  0x080002dd   Thumb Code     8  context_rvds.o(.text)
    rt_hw_interrupt_enable                   0x080002e5   Thumb Code     6  context_rvds.o(.text)
    rt_hw_context_switch                     0x080002eb   Thumb Code    32  context_rvds.o(.text)
    rt_hw_context_switch_interrupt           0x080002eb   Thumb Code     0  context_rvds.o(.text)
    PendSV_Handler                           0x0800030b   Thumb Code   108  context_rvds.o(.text)
    rt_hw_context_switch_to                  0x08000377   Thumb Code    70  context_rvds.o(.text)
    rt_hw_interrupt_thread_switch            0x080003bd   Thumb Code     2  context_rvds.o(.text)
    HardFault_Handler                        0x080003bf   Thumb Code    56  context_rvds.o(.text)
    __use_no_semihosting                     0x08000411   Thumb Code     2  use_no_semi_2.o(.text)
    __2printf                                0x08000415   Thumb Code    20  noretval__2printf.o(.text)
    __2sprintf                               0x0800042d   Thumb Code    34  noretval__2sprintf.o(.text)
    _printf_pre_padding                      0x08000455   Thumb Code    44  _printf_pad.o(.text)
    _printf_post_padding                     0x08000481   Thumb Code    34  _printf_pad.o(.text)
    _printf_str                              0x080004a3   Thumb Code    82  _printf_str.o(.text)
    _printf_int_dec                          0x080004f5   Thumb Code   104  _printf_dec.o(.text)
    _printf_int_hex                          0x0800056d   Thumb Code    84  _printf_hex_int.o(.text)
    _printf_longlong_hex                     0x0800056d   Thumb Code     0  _printf_hex_int.o(.text)
    __printf                                 0x080005c5   Thumb Code   308  __printf_flags_wp.o(.text)
    strtok                                   0x080006fd   Thumb Code     6  strtok.o(.text)
    strstr                                   0x08000709   Thumb Code    36  strstr.o(.text)
    strcpy                                   0x0800072d   Thumb Code    72  strcpy.o(.text)
    strlen                                   0x08000775   Thumb Code    62  strlen.o(.text)
    __aeabi_memcpy                           0x080007b3   Thumb Code     0  rt_memcpy_v6.o(.text)
    __rt_memcpy                              0x080007b3   Thumb Code   138  rt_memcpy_v6.o(.text)
    _memcpy_lastbytes                        0x08000819   Thumb Code     0  rt_memcpy_v6.o(.text)
    __aeabi_memclr4                          0x0800083d   Thumb Code     0  rt_memclr_w.o(.text)
    __aeabi_memclr8                          0x0800083d   Thumb Code     0  rt_memclr_w.o(.text)
    __rt_memclr_w                            0x0800083d   Thumb Code    78  rt_memclr_w.o(.text)
    _memset_w                                0x08000841   Thumb Code     0  rt_memclr_w.o(.text)
    strcmp                                   0x0800088d   Thumb Code   128  strcmpv7m.o(.text)
    __use_two_region_memory                  0x0800090d   Thumb Code     2  heapauxi.o(.text)
    __rt_heap_escrow$2region                 0x0800090f   Thumb Code     2  heapauxi.o(.text)
    __rt_heap_expand$2region                 0x08000911   Thumb Code     2  heapauxi.o(.text)
    __I$use$semihosting                      0x08000913   Thumb Code     0  use_no_semi.o(.text)
    __use_no_semihosting_swi                 0x08000913   Thumb Code     2  use_no_semi.o(.text)
    _printf_int_common                       0x08000915   Thumb Code   178  _printf_intcommon.o(.text)
    __lib_sel_fp_printf                      0x080009c7   Thumb Code     2  _printf_fp_dec.o(.text)
    _printf_fp_dec_real                      0x08000b79   Thumb Code   620  _printf_fp_dec.o(.text)
    _printf_char_common                      0x08000def   Thumb Code    32  _printf_char_common.o(.text)
    _sputc                                   0x08000e15   Thumb Code    10  _sputc.o(.text)
    _printf_cs_common                        0x08000e1f   Thumb Code    20  _printf_char.o(.text)
    _printf_char                             0x08000e33   Thumb Code    16  _printf_char.o(.text)
    _printf_string                           0x08000e43   Thumb Code     8  _printf_char.o(.text)
    _printf_char_file                        0x08000e4d   Thumb Code    32  _printf_char_file.o(.text)
    __strtok_internal                        0x08000e71   Thumb Code    64  strtok_int.o(.text)
    __aeabi_memcpy4                          0x08000eb5   Thumb Code     0  rt_memcpy_w.o(.text)
    __aeabi_memcpy8                          0x08000eb5   Thumb Code     0  rt_memcpy_w.o(.text)
    __rt_memcpy_w                            0x08000eb5   Thumb Code   100  rt_memcpy_w.o(.text)
    _memcpy_lastbytes_aligned                0x08000efd   Thumb Code     0  rt_memcpy_w.o(.text)
    __rt_locale                              0x08000f19   Thumb Code     8  rt_locale_intlibspace.o(.text)
    _ll_udiv10                               0x08000f21   Thumb Code   138  lludiv10.o(.text)
    _printf_fp_infnan                        0x08000fad   Thumb Code   112  _printf_fp_infnan.o(.text)
    _btod_etento                             0x0800102d   Thumb Code   224  bigflt0.o(.text)
    ferror                                   0x08001111   Thumb Code     8  ferror.o(.text)
    strcspn                                  0x08001119   Thumb Code    32  strcspn.o(.text)
    strspn                                   0x08001139   Thumb Code    28  strspn.o(.text)
    __user_libspace                          0x08001155   Thumb Code     8  libspace.o(.text)
    __user_perproc_libspace                  0x08001155   Thumb Code     0  libspace.o(.text)
    __user_perthread_libspace                0x08001155   Thumb Code     0  libspace.o(.text)
    __user_setup_stackheap                   0x0800115d   Thumb Code    74  sys_stackheap_outer.o(.text)
    exit                                     0x080011a7   Thumb Code    18  exit.o(.text)
    _btod_d2e                                0x080011b9   Thumb Code    62  btod.o(CL$$btod_d2e)
    _d2e_denorm_low                          0x080011f7   Thumb Code    70  btod.o(CL$$btod_d2e_denorm_low)
    _d2e_norm_op1                            0x0800123d   Thumb Code    96  btod.o(CL$$btod_d2e_norm_op1)
    __btod_div_common                        0x0800129d   Thumb Code   696  btod.o(CL$$btod_div_common)
    _e2e                                     0x080015d5   Thumb Code   220  btod.o(CL$$btod_e2e)
    _btod_ediv                               0x080016b1   Thumb Code    42  btod.o(CL$$btod_ediv)
    _btod_emul                               0x080016db   Thumb Code    42  btod.o(CL$$btod_emul)
    __btod_mult_common                       0x08001705   Thumb Code   580  btod.o(CL$$btod_mult_common)
    main                                     0x08001949   Thumb Code    14  components.o(i.$Sub$$main)
    ADC_Cmd                                  0x08001957   Thumb Code    22  stm32f4xx_adc.o(i.ADC_Cmd)
    ADC_CommonInit                           0x0800196d   Thumb Code    34  stm32f4xx_adc.o(i.ADC_CommonInit)
    ADC_DeInit                               0x0800199d   Thumb Code    22  stm32f4xx_adc.o(i.ADC_DeInit)
    ADC_GetConversionValue                   0x080019b3   Thumb Code     8  stm32f4xx_adc.o(i.ADC_GetConversionValue)
    ADC_GetFlagStatus                        0x080019bb   Thumb Code    18  stm32f4xx_adc.o(i.ADC_GetFlagStatus)
    ADC_Init                                 0x080019cd   Thumb Code    74  stm32f4xx_adc.o(i.ADC_Init)
    ADC_RegularChannelConfig                 0x08001a21   Thumb Code   184  stm32f4xx_adc.o(i.ADC_RegularChannelConfig)
    ADC_SoftwareStartConv                    0x08001ad9   Thumb Code    10  stm32f4xx_adc.o(i.ADC_SoftwareStartConv)
    AntennaOn                                0x08001ae3   Thumb Code    26  mfrc522.o(i.AntennaOn)
    BusFault_Handler                         0x08001afd   Thumb Code     4  stm32f4xx_it.o(i.BusFault_Handler)
    CalulateCRC                              0x08001b01   Thumb Code   118  mfrc522.o(i.CalulateCRC)
    ClearBitMask                             0x08001b77   Thumb Code    28  mfrc522.o(i.ClearBitMask)
    DELAY_MS                                 0x08001b93   Thumb Code    12  delay.o(i.DELAY_MS)
    DELAY_S                                  0x08001b9f   Thumb Code    18  delay.o(i.DELAY_S)
    DWT_Delay_Init                           0x08001bb1   Thumb Code    68  delay.o(i.DWT_Delay_Init)
    DebugMon_Handler                         0x08001c99   Thumb Code     2  stm32f4xx_it.o(i.DebugMon_Handler)
    ESP8266_Check_Exist                      0x08001c9d   Thumb Code    10  esp8266.o(i.ESP8266_Check_Exist)
    ESP8266_CloseEcho                        0x08001cb1   Thumb Code    10  esp8266.o(i.ESP8266_CloseEcho)
    ESP8266_ConnectNum                       0x08001cc5   Thumb Code    24  esp8266.o(i.ESP8266_ConnectNum)
    ESP8266_STAClient_ExitMode               0x08001ced   Thumb Code    18  esp8266.o(i.ESP8266_STAClient_ExitMode)
    ESP8266_STAClient_Get_IP_MAC             0x08001d05   Thumb Code   152  esp8266.o(i.ESP8266_STAClient_Get_IP_MAC)
    ESP8266_STAClient_SendData               0x08001de1   Thumb Code   114  esp8266.o(i.ESP8266_STAClient_SendData)
    ESP8266_STATCPClient_ConnectServer       0x08001ea9   Thumb Code   132  esp8266.o(i.ESP8266_STATCPClient_ConnectServer)
    ESP8266_STATCPClient_MODE_Init           0x08001f9d   Thumb Code   158  esp8266.o(i.ESP8266_STATCPClient_MODE_Init)
    ESP8266_STATCPClient_SetWorkMode         0x08002169   Thumb Code    46  esp8266.o(i.ESP8266_STATCPClient_SetWorkMode)
    ESP8266_STATCPClient_SsidPasswords       0x080021b9   Thumb Code   126  esp8266.o(i.ESP8266_STATCPClient_SsidPasswords)
    ESP8266_SendCmd                          0x080022a5   Thumb Code   220  esp8266.o(i.ESP8266_SendCmd)
    ESP8266_SetWorkMode                      0x0800246d   Thumb Code    62  esp8266.o(i.ESP8266_SetWorkMode)
    EXTI15_10_IRQHandler                     0x080024dd   Thumb Code    30  mq2.o(i.EXTI15_10_IRQHandler)
    EXTI3_IRQHandler                         0x080024fd   Thumb Code    36  key_int.o(i.EXTI3_IRQHandler)
    EXTI4_IRQHandler                         0x08002529   Thumb Code    36  key_int.o(i.EXTI4_IRQHandler)
    EXTI9_5_IRQHandler                       0x08002555   Thumb Code    24  flame.o(i.EXTI9_5_IRQHandler)
    EXTI_ClearITPendingBit                   0x08002571   Thumb Code     6  stm32f4xx_exti.o(i.EXTI_ClearITPendingBit)
    EXTI_GetITStatus                         0x0800257d   Thumb Code    20  stm32f4xx_exti.o(i.EXTI_GetITStatus)
    EXTI_Init                                0x08002595   Thumb Code   142  stm32f4xx_exti.o(i.EXTI_Init)
    FLASH_ClearFlag                          0x08002629   Thumb Code     6  stm32f4xx_flash.o(i.FLASH_ClearFlag)
    FLASH_GetStatus                          0x08002635   Thumb Code    80  stm32f4xx_flash.o(i.FLASH_GetStatus)
    FLASH_Lock                               0x08002689   Thumb Code    14  stm32f4xx_flash.o(i.FLASH_Lock)
    FLASH_ProgramWord                        0x0800269d   Thumb Code    74  stm32f4xx_flash.o(i.FLASH_ProgramWord)
    FLASH_Unlock                             0x080026ed   Thumb Code    24  stm32f4xx_flash.o(i.FLASH_Unlock)
    FLASH_WaitForLastOperation               0x08002711   Thumb Code    34  stm32f4xx_flash.o(i.FLASH_WaitForLastOperation)
    GPIO_Init                                0x08002733   Thumb Code   144  stm32f4xx_gpio.o(i.GPIO_Init)
    GPIO_PinAFConfig                         0x080027c3   Thumb Code    70  stm32f4xx_gpio.o(i.GPIO_PinAFConfig)
    GPIO_ResetBits                           0x08002809   Thumb Code     4  stm32f4xx_gpio.o(i.GPIO_ResetBits)
    GPIO_SetBits                             0x0800280d   Thumb Code     4  stm32f4xx_gpio.o(i.GPIO_SetBits)
    GetLinkStatus                            0x08002811   Thumb Code   180  esp8266.o(i.GetLinkStatus)
    I2C_CheckEvent                           0x08002949   Thumb Code    42  stm32f4xx_i2c.o(i.I2C_CheckEvent)
    I2C_Cmd                                  0x08002973   Thumb Code    24  stm32f4xx_i2c.o(i.I2C_Cmd)
    I2C_Configuration                        0x0800298d   Thumb Code   140  oled_i2c.o(i.I2C_Configuration)
    I2C_DeInit                               0x08002a25   Thumb Code    82  stm32f4xx_i2c.o(i.I2C_DeInit)
    I2C_GenerateSTART                        0x08002a85   Thumb Code    24  stm32f4xx_i2c.o(i.I2C_GenerateSTART)
    I2C_GenerateSTOP                         0x08002a9d   Thumb Code    24  stm32f4xx_i2c.o(i.I2C_GenerateSTOP)
    I2C_GetFlagStatus                        0x08002ab5   Thumb Code    58  stm32f4xx_i2c.o(i.I2C_GetFlagStatus)
    I2C_Init                                 0x08002af1   Thumb Code   218  stm32f4xx_i2c.o(i.I2C_Init)
    I2C_Send7bitAddress                      0x08002bd9   Thumb Code    16  stm32f4xx_i2c.o(i.I2C_Send7bitAddress)
    I2C_SendData                             0x08002be9   Thumb Code     4  stm32f4xx_i2c.o(i.I2C_SendData)
    I2C_WriteByte                            0x08002bed   Thumb Code   126  oled_i2c.o(i.I2C_WriteByte)
    MFRC522_Anticoll                         0x08002c79   Thumb Code    98  mfrc522.o(i.MFRC522_Anticoll)
    MFRC522_Auth                             0x08002cdb   Thumb Code   110  mfrc522.o(i.MFRC522_Auth)
    MFRC522_Initializtion                    0x08002d49   Thumb Code    72  mfrc522.o(i.MFRC522_Initializtion)
    MFRC522_Read                             0x08002d91   Thumb Code    84  mfrc522.o(i.MFRC522_Read)
    MFRC522_Request                          0x08002df1   Thumb Code    50  mfrc522.o(i.MFRC522_Request)
    MFRC522_Reset                            0x08002e25   Thumb Code    60  mfrc522.o(i.MFRC522_Reset)
    MFRC522_SelectTag                        0x08002e65   Thumb Code   126  mfrc522.o(i.MFRC522_SelectTag)
    MFRC522_ToCard                           0x08002ef1   Thumb Code   314  mfrc522.o(i.MFRC522_ToCard)
    MFRC522_Write                            0x0800302b   Thumb Code   150  mfrc522.o(i.MFRC522_Write)
    MQ2_init                                 0x080030c1   Thumb Code   114  mq2.o(i.MQ2_init)
    MemManage_Handler                        0x08003139   Thumb Code     4  stm32f4xx_it.o(i.MemManage_Handler)
    NMI_Handler                              0x0800313d   Thumb Code     2  stm32f4xx_it.o(i.NMI_Handler)
    NVIC_Init                                0x08003141   Thumb Code   106  misc.o(i.NVIC_Init)
    NVIC_PriorityGroupConfig                 0x080031b9   Thumb Code    10  misc.o(i.NVIC_PriorityGroupConfig)
    OLED_Fill                                0x080031cd   Thumb Code    58  oled_i2c.o(i.OLED_Fill)
    OLED_Init                                0x08003207   Thumb Code   178  oled_i2c.o(i.OLED_Init)
    OLED_SetPos                              0x080032b9   Thumb Code    40  oled_i2c.o(i.OLED_SetPos)
    OLED_ShowCN                              0x080032e1   Thumb Code    80  oled_i2c.o(i.OLED_ShowCN)
    OLED_ShowStr                             0x08003335   Thumb Code   228  oled_i2c.o(i.OLED_ShowStr)
    RCC_AHB1PeriphClockCmd                   0x08003421   Thumb Code    26  stm32f4xx_rcc.o(i.RCC_AHB1PeriphClockCmd)
    RCC_APB1PeriphClockCmd                   0x08003441   Thumb Code    26  stm32f4xx_rcc.o(i.RCC_APB1PeriphClockCmd)
    RCC_APB1PeriphResetCmd                   0x08003461   Thumb Code    26  stm32f4xx_rcc.o(i.RCC_APB1PeriphResetCmd)
    RCC_APB2PeriphClockCmd                   0x08003481   Thumb Code    26  stm32f4xx_rcc.o(i.RCC_APB2PeriphClockCmd)
    RCC_APB2PeriphResetCmd                   0x080034a1   Thumb Code    26  stm32f4xx_rcc.o(i.RCC_APB2PeriphResetCmd)
    RCC_GetClocksFreq                        0x080034c1   Thumb Code   214  stm32f4xx_rcc.o(i.RCC_GetClocksFreq)
    Read_MFRC522                             0x080035a9   Thumb Code    56  mfrc522.o(i.Read_MFRC522)
    SPI3_Receive                             0x080035e5   Thumb Code    10  mfrc522.o(i.SPI3_Receive)
    SPI3_Send                                0x080035ef   Thumb Code    12  mfrc522.o(i.SPI3_Send)
    STM32_SPI3_Init                          0x080035fd   Thumb Code   184  mfrc522.o(i.STM32_SPI3_Init)
    STMFLASH_ReadWord                        0x080036c5   Thumb Code     6  flash.o(i.STMFLASH_ReadWord)
    SVC_Handler                              0x080036cb   Thumb Code     2  stm32f4xx_it.o(i.SVC_Handler)
    SYSCFG_EXTILineConfig                    0x080036cd   Thumb Code    60  stm32f4xx_syscfg.o(i.SYSCFG_EXTILineConfig)
    SetBitMask                               0x0800370d   Thumb Code    28  mfrc522.o(i.SetBitMask)
    Set_DQ_inout                             0x08003815   Thumb Code    48  dht11.o(i.Set_DQ_inout)
    SysTick_Handler                          0x08003849   Thumb Code    16  board.o(i.SysTick_Handler)
    SystemInit                               0x08003859   Thumb Code    88  system_stm32f4xx.o(i.SystemInit)
    TIM2_IRQHandler                          0x080038c1   Thumb Code    20  timer.o(i.TIM2_IRQHandler)
    TIM3_IRQHandler                          0x080038d5   Thumb Code    48  timer.o(i.TIM3_IRQHandler)
    TIM_ClearITPendingBit                    0x0800390d   Thumb Code     6  stm32f4xx_tim.o(i.TIM_ClearITPendingBit)
    TIM_Cmd                                  0x08003913   Thumb Code    24  stm32f4xx_tim.o(i.TIM_Cmd)
    TIM_GetCounter                           0x0800392b   Thumb Code     6  stm32f4xx_tim.o(i.TIM_GetCounter)
    TIM_GetITStatus                          0x08003931   Thumb Code    34  stm32f4xx_tim.o(i.TIM_GetITStatus)
    TIM_ITConfig                             0x08003953   Thumb Code    18  stm32f4xx_tim.o(i.TIM_ITConfig)
    TIM_SetCounter                           0x08003965   Thumb Code     4  stm32f4xx_tim.o(i.TIM_SetCounter)
    TIM_TimeBaseInit                         0x08003969   Thumb Code   104  stm32f4xx_tim.o(i.TIM_TimeBaseInit)
    USART1_IRQHandler                        0x080039ed   Thumb Code    44  usart.o(i.USART1_IRQHandler)
    USART3_IRQHandler                        0x08003a1d   Thumb Code    80  usart.o(i.USART3_IRQHandler)
    USART_ClearITPendingBit                  0x08003a7d   Thumb Code    30  stm32f4xx_usart.o(i.USART_ClearITPendingBit)
    USART_Cmd                                0x08003a9b   Thumb Code    24  stm32f4xx_usart.o(i.USART_Cmd)
    USART_GetFlagStatus                      0x08003ab3   Thumb Code    26  stm32f4xx_usart.o(i.USART_GetFlagStatus)
    USART_GetITStatus                        0x08003acd   Thumb Code    84  stm32f4xx_usart.o(i.USART_GetITStatus)
    USART_ITConfig                           0x08003b21   Thumb Code    74  stm32f4xx_usart.o(i.USART_ITConfig)
    USART_Init                               0x08003b6d   Thumb Code   204  stm32f4xx_usart.o(i.USART_Init)
    USART_ReceiveData                        0x08003c41   Thumb Code    10  stm32f4xx_usart.o(i.USART_ReceiveData)
    USART_SendData                           0x08003c4b   Thumb Code     8  stm32f4xx_usart.o(i.USART_SendData)
    UsageFault_Handler                       0x08003c53   Thumb Code     4  stm32f4xx_it.o(i.UsageFault_Handler)
    WriteCmd                                 0x08003c57   Thumb Code    14  oled_i2c.o(i.WriteCmd)
    WriteDat                                 0x08003c65   Thumb Code    14  oled_i2c.o(i.WriteDat)
    Write_MFRC522                            0x08003c75   Thumb Code    52  mfrc522.o(i.Write_MFRC522)
    __ARM_fpclassify                         0x08003cad   Thumb Code    48  fpclassify.o(i.__ARM_fpclassify)
    __rt_ffs                                 0x08003cdd   Thumb Code    70  kservice.o(i.__rt_ffs)
    _is_digit                                0x08003d3d   Thumb Code    14  __printf_wp.o(i._is_digit)
    _sys_exit                                0x08003e41   Thumb Code     4  usart.o(i._sys_exit)
    adc_init                                 0x08003e45   Thumb Code   112  adc.o(i.adc_init)
    comReqA_UID                              0x080040a1   Thumb Code   106  mfrc522.o(i.comReqA_UID)
    dht11_init                               0x08004155   Thumb Code   114  dht11.o(i.dht11_init)
    flame_init                               0x08004259   Thumb Code   112  flame.o(i.flame_init)
    fputc                                    0x080042cd   Thumb Code    32  usart.o(i.fputc)
    get_adc2value                            0x080042f1   Thumb Code    74  adc.o(i.get_adc2value)
    get_sro4_distance                        0x08004361   Thumb Code   136  supersonic.o(i.get_sro4_distance)
    key_int_init                             0x08004411   Thumb Code   156  key_int.o(i.key_int_init)
    led_init                                 0x080044b5   Thumb Code    98  led.o(i.led_init)
    led_onoff                                0x08004521   Thumb Code    76  led.o(i.led_onoff)
    $Super$$main                             0x08004571   Thumb Code   188  main.o(i.main)
    main_thread_entry                        0x08004689   Thumb Code    14  components.o(i.main_thread_entry)
    rt_application_init                      0x08004aa5   Thumb Code    34  components.o(i.rt_application_init)
    rt_components_board_init                 0x08004ad5   Thumb Code    20  components.o(i.rt_components_board_init)
    rt_components_init                       0x08004af1   Thumb Code    20  components.o(i.rt_components_init)
    rt_enter_critical                        0x08004b0d   Thumb Code    28  scheduler.o(i.rt_enter_critical)
    rt_exit_critical                         0x08004b2d   Thumb Code    54  scheduler.o(i.rt_exit_critical)
    rt_free                                  0x08004b69   Thumb Code   128  mem.o(i.rt_free)
    rt_heap_begin_get                        0x08004c49   Thumb Code     4  board.o(i.rt_heap_begin_get)
    rt_heap_end_get                          0x08004c51   Thumb Code     4  board.o(i.rt_heap_end_get)
    rt_hw_board_init                         0x08004c59   Thumb Code   108  board.o(i.rt_hw_board_init)
    rt_hw_console_output                     0x08004cd1   Thumb Code     2  kservice.o(i.rt_hw_console_output)
    rt_hw_hard_fault_exception               0x08004cd5   Thumb Code   212  cpuport.o(i.rt_hw_hard_fault_exception)
    rt_hw_stack_init                         0x08004ef9   Thumb Code    74  cpuport.o(i.rt_hw_stack_init)
    rt_interrupt_enter                       0x08004f49   Thumb Code    26  irq.o(i.rt_interrupt_enter)
    rt_interrupt_leave                       0x08004f69   Thumb Code    26  irq.o(i.rt_interrupt_leave)
    rt_kprintf                               0x08005005   Thumb Code    44  kservice.o(i.rt_kprintf)
    rt_malloc                                0x080050bd   Thumb Code   336  mem.o(i.rt_malloc)
    rt_memset                                0x08005229   Thumb Code    72  kservice.o(i.rt_memset)
    rt_object_allocate                       0x08005271   Thumb Code    84  object.o(i.rt_object_allocate)
    rt_object_delete                         0x080052c5   Thumb Code    36  object.o(i.rt_object_delete)
    rt_object_detach                         0x080052e9   Thumb Code    30  object.o(i.rt_object_detach)
    rt_object_get_information                0x08005309   Thumb Code    36  object.o(i.rt_object_get_information)
    rt_object_init                           0x08005331   Thumb Code    60  object.o(i.rt_object_init)
    rt_object_is_systemobject                0x0800536d   Thumb Code    18  object.o(i.rt_object_is_systemobject)
    rt_schedule                              0x08005381   Thumb Code   118  scheduler.o(i.rt_schedule)
    rt_schedule_insert_thread                0x08005411   Thumb Code    72  scheduler.o(i.rt_schedule_insert_thread)
    rt_schedule_remove_thread                0x08005461   Thumb Code    76  scheduler.o(i.rt_schedule_remove_thread)
    rt_sem_init                              0x080054b5   Thumb Code    38  ipc.o(i.rt_sem_init)
    rt_sem_release                           0x080054db   Thumb Code    70  ipc.o(i.rt_sem_release)
    rt_sem_take                              0x08005521   Thumb Code   116  ipc.o(i.rt_sem_take)
    rt_show_version                          0x08005595   Thumb Code    38  kservice.o(i.rt_show_version)
    rt_strlen                                0x08005645   Thumb Code    18  kservice.o(i.rt_strlen)
    rt_strncpy                               0x08005657   Thumb Code    52  kservice.o(i.rt_strncpy)
    rt_system_heap_init                      0x0800568d   Thumb Code   160  mem.o(i.rt_system_heap_init)
    rt_system_scheduler_init                 0x08005785   Thumb Code    52  scheduler.o(i.rt_system_scheduler_init)
    rt_system_scheduler_start                0x080057d1   Thumb Code    36  scheduler.o(i.rt_system_scheduler_start)
    rt_system_timer_init                     0x08005801   Thumb Code    24  timer_1.o(i.rt_system_timer_init)
    rt_system_timer_thread_init              0x0800581d   Thumb Code     2  timer_1.o(i.rt_system_timer_thread_init)
    rt_thread_create                         0x0800581f   Thumb Code    80  thread.o(i.rt_thread_create)
    rt_thread_delay                          0x0800586f   Thumb Code    12  thread.o(i.rt_thread_delay)
    rt_thread_exit                           0x0800587d   Thumb Code    76  thread.o(i.rt_thread_exit)
    rt_thread_idle_excute                    0x080058d9   Thumb Code   128  idle.o(i.rt_thread_idle_excute)
    rt_thread_idle_init                      0x0800595d   Thumb Code    38  idle.o(i.rt_thread_idle_init)
    rt_thread_init                           0x08005999   Thumb Code    52  thread.o(i.rt_thread_init)
    rt_thread_resume                         0x080059cd   Thumb Code    60  thread.o(i.rt_thread_resume)
    rt_thread_self                           0x08005a09   Thumb Code     6  thread.o(i.rt_thread_self)
    rt_thread_sleep                          0x08005a15   Thumb Code    62  thread.o(i.rt_thread_sleep)
    rt_thread_startup                        0x08005a59   Thumb Code    44  thread.o(i.rt_thread_startup)
    rt_thread_suspend                        0x08005a85   Thumb Code    68  thread.o(i.rt_thread_suspend)
    rt_thread_timeout                        0x08005ac9   Thumb Code    32  thread.o(i.rt_thread_timeout)
    rt_thread_yield                          0x08005ae9   Thumb Code    92  thread.o(i.rt_thread_yield)
    rt_tick_get                              0x08005b4d   Thumb Code     6  clock.o(i.rt_tick_get)
    rt_tick_increase                         0x08005b59   Thumb Code    42  clock.o(i.rt_tick_increase)
    rt_timer_check                           0x08005b89   Thumb Code   118  timer_1.o(i.rt_timer_check)
    rt_timer_control                         0x08005c05   Thumb Code    56  timer_1.o(i.rt_timer_control)
    rt_timer_detach                          0x08005c3d   Thumb Code    32  timer_1.o(i.rt_timer_detach)
    rt_timer_init                            0x08005c5d   Thumb Code    46  timer_1.o(i.rt_timer_init)
    rt_timer_start                           0x08005c8d   Thumb Code   238  timer_1.o(i.rt_timer_start)
    rt_timer_stop                            0x08005d85   Thumb Code    48  timer_1.o(i.rt_timer_stop)
    rt_vsnprintf                             0x08005db5   Thumb Code   800  kservice.o(i.rt_vsnprintf)
    rtthread_startup                         0x080060ed   Thumb Code    42  components.o(i.rtthread_startup)
    rwCardData                               0x08006119   Thumb Code   386  mfrc522.o(i.rwCardData)
    sendDataTOONENET                         0x08006305   Thumb Code   354  esp8266.o(i.sendDataTOONENET)
    show_mq2_dht11                           0x080065a9   Thumb Code   194  oled_i2c.o(i.show_mq2_dht11)
    spi_readwrite                            0x080066a1   Thumb Code   106  mfrc522.o(i.spi_readwrite)
    supersonic_init                          0x08006719   Thumb Code    68  supersonic.o(i.supersonic_init)
    timer1_init                              0x08006761   Thumb Code   178  timer.o(i.timer1_init)
    usart1_init                              0x08006819   Thumb Code   166  usart.o(i.usart1_init)
    usart3_init                              0x080068c9   Thumb Code   166  usart.o(i.usart3_init)
    usart3_putc                              0x08006979   Thumb Code    28  usart.o(i.usart3_putc)
    usart3_puts                              0x08006999   Thumb Code    22  usart.o(i.usart3_puts)
    write_flash                              0x080069b1   Thumb Code    40  flash.o(i.write_flash)
    _get_lc_numeric                          0x080069f1   Thumb Code    44  lc_numeric_c.o(locale$$code)
    __aeabi_d2f                              0x08006a1d   Thumb Code     0  d2f.o(x$fpl$d2f)
    _d2f                                     0x08006a1d   Thumb Code    98  d2f.o(x$fpl$d2f)
    __fpl_dcmp_Inf                           0x08006a7f   Thumb Code    24  dcmpi.o(x$fpl$dcmpinf)
    __aeabi_ddiv                             0x08006a99   Thumb Code     0  ddiv.o(x$fpl$ddiv)
    _ddiv                                    0x08006a99   Thumb Code   552  ddiv.o(x$fpl$ddiv)
    __aeabi_ui2d                             0x08006d49   Thumb Code     0  dflt_clz.o(x$fpl$dfltu)
    _dfltu                                   0x08006d49   Thumb Code    38  dflt_clz.o(x$fpl$dfltu)
    __aeabi_cdcmple                          0x08006d71   Thumb Code     0  dleqf.o(x$fpl$dleqf)
    _dcmple                                  0x08006d71   Thumb Code   120  dleqf.o(x$fpl$dleqf)
    __fpl_dcmple_InfNaN                      0x08006dd3   Thumb Code     0  dleqf.o(x$fpl$dleqf)
    __aeabi_dmul                             0x08006de9   Thumb Code     0  dmul.o(x$fpl$dmul)
    _dmul                                    0x08006de9   Thumb Code   332  dmul.o(x$fpl$dmul)
    __fpl_dnaninf                            0x08006f3d   Thumb Code   156  dnaninf.o(x$fpl$dnaninf)
    __fpl_dretinf                            0x08006fd9   Thumb Code    12  dretinf.o(x$fpl$dretinf)
    __aeabi_cdrcmple                         0x08006fe5   Thumb Code     0  drleqf.o(x$fpl$drleqf)
    _drcmple                                 0x08006fe5   Thumb Code   108  drleqf.o(x$fpl$drleqf)
    __aeabi_f2d                              0x08007051   Thumb Code     0  f2d.o(x$fpl$f2d)
    _f2d                                     0x08007051   Thumb Code    86  f2d.o(x$fpl$f2d)
    __fpl_fnaninf                            0x080070a7   Thumb Code   140  fnaninf.o(x$fpl$fnaninf)
    _fp_init                                 0x08007133   Thumb Code    10  fpinit.o(x$fpl$fpinit)
    __fplib_config_fpu_vfp                   0x0800713b   Thumb Code     0  fpinit.o(x$fpl$fpinit)
    __fplib_config_pureend_doubles           0x0800713b   Thumb Code     0  fpinit.o(x$fpl$fpinit)
    __fpl_fretinf                            0x0800713d   Thumb Code    10  fretinf.o(x$fpl$fretinf)
    _printf_fp_dec                           0x08007147   Thumb Code     4  printf1.o(x$fpl$printf1)
    F6x8                                     0x0800714a   Data         552  oled_i2c.o(.constdata)
    __I$use$fp                               0x0800714a   Number         0  usenofp.o(x$fpl$usenofp)
    F8X16                                    0x08007372   Data        1520  oled_i2c.o(.constdata)
    __lowest_bit_bitmap                      0x08007962   Data         256  kservice.o(.constdata)
    __rt_init_rti_start                      0x08007bc8   Data           4  components.o(.rti_fn.0)
    __rt_init_rti_board_start                0x08007bcc   Data           4  components.o(.rti_fn.0.end)
    __rt_init_rti_board_end                  0x08007bd0   Data           4  components.o(.rti_fn.1.end)
    __rt_init_rti_end                        0x08007bd4   Data           4  components.o(.rti_fn.6.end)
    Region$$Table$$Base                      0x08007bd8   Number         0  anon$$obj.o(Region$$Table)
    Region$$Table$$Limit                     0x08007bf8   Number         0  anon$$obj.o(Region$$Table)
    sm05cmdbuf                               0x20000000   Data          15  main.o(.data)
    api_key                                  0x2000000f   Data          50  main.o(.data)
    ID                                       0x20000041   Data          20  main.o(.data)
    FLAMEFLAG                                0x20000056   Data           2  main.o(.data)
    CloseFLAMEFLAG                           0x20000058   Data           2  main.o(.data)
    USART3_RX_CNT                            0x2000005c   Data           4  usart.o(.data)
    USART3_RX_FLAG                           0x20000060   Data           4  usart.o(.data)
    __stdout                                 0x20000064   Data           4  usart.o(.data)
    usart1_cnt                               0x20000068   Data           4  usart.o(.data)
    usart1_flag                              0x2000006c   Data           4  usart.o(.data)
    irq_regdata                              0x20000070   Data           1  mfrc522.o(.data)
    wait_count                               0x20000072   Data           2  mfrc522.o(.data)
    error_regdata                            0x20000074   Data           1  mfrc522.o(.data)
    last_bitsdata                            0x20000075   Data           1  mfrc522.o(.data)
    cardAllInfo_IDA                          0x20000076   Data           5  mfrc522.o(.data)
    PassWd                                   0x2000007b   Data           6  mfrc522.o(.data)
    cardTepy                                 0x20000081   Data           2  mfrc522.o(.data)
    F16x16                                   0x20000083   Data         896  oled_i2c.o(.data)
    BMP1                                     0x20000403   Data        1024  oled_i2c.o(.data)
    BMP2                                     0x20000803   Data        1024  oled_i2c.o(.data)
    BMP3                                     0x20000c03   Data        1024  oled_i2c.o(.data)
    cardRegisterFlag                         0x20001003   Data           1  key_int.o(.data)
    connect_status                           0x20001004   Data           1  esp8266.o(.data)
    SystemCoreClock                          0x20001008   Data           4  system_stm32f4xx.o(.data)
    AHBPrescTable                            0x2000100c   Data          16  system_stm32f4xx.o(.data)
    rt_interrupt_nest                        0x20001020   Data           1  irq.o(.data)
    rt_current_thread                        0x20001080   Data           4  scheduler.o(.data)
    rt_current_priority                      0x20001084   Data           1  scheduler.o(.data)
    rt_thread_ready_priority_group           0x20001088   Data           4  scheduler.o(.data)
    rt_thread_defunct                        0x2000108c   Data           8  scheduler.o(.data)
    rt_interrupt_from_thread                 0x200010a0   Data           4  cpuport.o(.data)
    rt_interrupt_to_thread                   0x200010a4   Data           4  cpuport.o(.data)
    rt_thread_switch_interrupt_flag          0x200010a8   Data           4  cpuport.o(.data)
    USART3_RX_BUFF                           0x20003a44   Data         512  usart.o(.bss)
    usart1_buf                               0x20003c44   Data          64  usart.o(.bss)
    rt_thread_priority_table                 0x20003ea4   Data         256  scheduler.o(.bss)
    __libspace_start                         0x20003fa4   Data          96  libspace.o(.bss)
    __temporary_stack_top$libspace           0x20004004   Data           0  libspace.o(.bss)



==============================================================================

Memory Map of the image

  Image Entry point : 0x08000189

  Load Region LR_IROM1 (Base: 0x08000000, Size: 0x00008cd8, Max: 0x00100000, ABSOLUTE, COMPRESSED[0x00008298])

    Execution Region ER_IROM1 (Exec base: 0x08000000, Load base: 0x08000000, Size: 0x00007c14, Max: 0x00100000, ABSOLUTE)

    Exec Addr    Load Addr    Size         Type   Attr      Idx    E Section Name        Object

    0x08000000   0x08000000   0x00000188   Data   RO         1280    RESET               startup_stm32f40_41xxx.o
    0x08000188   0x08000188   0x00000008   Code   RO         7096  * !!!main             c_w.l(__main.o)
    0x08000190   0x08000190   0x00000034   Code   RO         7354    !!!scatter          c_w.l(__scatter.o)
    0x080001c4   0x080001c4   0x00000064   Code   RO         7352    !!dclz77c           c_w.l(__dclz77c.o)
    0x08000228   0x08000228   0x0000001c   Code   RO         7356    !!handler_zi        c_w.l(__scatter_zi.o)
    0x08000244   0x08000244   0x00000000   Code   RO         7078    .ARM.Collect$$_printf_percent$$00000000  c_w.l(_printf_percent.o)
    0x08000244   0x08000244   0x00000006   Code   RO         7077    .ARM.Collect$$_printf_percent$$00000003  c_w.l(_printf_f.o)
    0x0800024a   0x0800024a   0x00000006   Code   RO         7076    .ARM.Collect$$_printf_percent$$00000009  c_w.l(_printf_d.o)
    0x08000250   0x08000250   0x00000006   Code   RO         7075    .ARM.Collect$$_printf_percent$$0000000C  c_w.l(_printf_x.o)
    0x08000256   0x08000256   0x00000006   Code   RO         7074    .ARM.Collect$$_printf_percent$$00000014  c_w.l(_printf_s.o)
    0x0800025c   0x0800025c   0x00000004   Code   RO         7133    .ARM.Collect$$_printf_percent$$00000017  c_w.l(_printf_percent_end.o)
    0x08000260   0x08000260   0x00000002   Code   RO         7229    .ARM.Collect$$libinit$$00000000  c_w.l(libinit.o)
    0x08000262   0x08000262   0x00000004   Code   RO         7230    .ARM.Collect$$libinit$$00000001  c_w.l(libinit2.o)
    0x08000266   0x08000266   0x00000000   Code   RO         7233    .ARM.Collect$$libinit$$00000004  c_w.l(libinit2.o)
    0x08000266   0x08000266   0x00000000   Code   RO         7236    .ARM.Collect$$libinit$$0000000A  c_w.l(libinit2.o)
    0x08000266   0x08000266   0x00000000   Code   RO         7238    .ARM.Collect$$libinit$$0000000C  c_w.l(libinit2.o)
    0x08000266   0x08000266   0x00000000   Code   RO         7240    .ARM.Collect$$libinit$$0000000E  c_w.l(libinit2.o)
    0x08000266   0x08000266   0x00000006   Code   RO         7241    .ARM.Collect$$libinit$$0000000F  c_w.l(libinit2.o)
    0x0800026c   0x0800026c   0x00000000   Code   RO         7243    .ARM.Collect$$libinit$$00000011  c_w.l(libinit2.o)
    0x0800026c   0x0800026c   0x00000000   Code   RO         7245    .ARM.Collect$$libinit$$00000013  c_w.l(libinit2.o)
    0x0800026c   0x0800026c   0x00000000   Code   RO         7247    .ARM.Collect$$libinit$$00000015  c_w.l(libinit2.o)
    0x0800026c   0x0800026c   0x0000000a   Code   RO         7248    .ARM.Collect$$libinit$$00000016  c_w.l(libinit2.o)
    0x08000276   0x08000276   0x00000000   Code   RO         7249    .ARM.Collect$$libinit$$00000017  c_w.l(libinit2.o)
    0x08000276   0x08000276   0x00000000   Code   RO         7251    .ARM.Collect$$libinit$$00000019  c_w.l(libinit2.o)
    0x08000276   0x08000276   0x00000000   Code   RO         7253    .ARM.Collect$$libinit$$0000001B  c_w.l(libinit2.o)
    0x08000276   0x08000276   0x00000000   Code   RO         7255    .ARM.Collect$$libinit$$0000001D  c_w.l(libinit2.o)
    0x08000276   0x08000276   0x00000000   Code   RO         7257    .ARM.Collect$$libinit$$0000001F  c_w.l(libinit2.o)
    0x08000276   0x08000276   0x00000000   Code   RO         7259    .ARM.Collect$$libinit$$00000021  c_w.l(libinit2.o)
    0x08000276   0x08000276   0x00000000   Code   RO         7261    .ARM.Collect$$libinit$$00000023  c_w.l(libinit2.o)
    0x08000276   0x08000276   0x00000000   Code   RO         7263    .ARM.Collect$$libinit$$00000025  c_w.l(libinit2.o)
    0x08000276   0x08000276   0x00000000   Code   RO         7267    .ARM.Collect$$libinit$$0000002C  c_w.l(libinit2.o)
    0x08000276   0x08000276   0x00000000   Code   RO         7269    .ARM.Collect$$libinit$$0000002E  c_w.l(libinit2.o)
    0x08000276   0x08000276   0x00000000   Code   RO         7271    .ARM.Collect$$libinit$$00000030  c_w.l(libinit2.o)
    0x08000276   0x08000276   0x00000000   Code   RO         7273    .ARM.Collect$$libinit$$00000032  c_w.l(libinit2.o)
    0x08000276   0x08000276   0x00000002   Code   RO         7274    .ARM.Collect$$libinit$$00000033  c_w.l(libinit2.o)
    0x08000278   0x08000278   0x00000002   Code   RO         7302    .ARM.Collect$$libshutdown$$00000000  c_w.l(libshutdown.o)
    0x0800027a   0x0800027a   0x00000000   Code   RO         7311    .ARM.Collect$$libshutdown$$00000002  c_w.l(libshutdown2.o)
    0x0800027a   0x0800027a   0x00000000   Code   RO         7313    .ARM.Collect$$libshutdown$$00000004  c_w.l(libshutdown2.o)
    0x0800027a   0x0800027a   0x00000000   Code   RO         7316    .ARM.Collect$$libshutdown$$00000007  c_w.l(libshutdown2.o)
    0x0800027a   0x0800027a   0x00000000   Code   RO         7319    .ARM.Collect$$libshutdown$$0000000A  c_w.l(libshutdown2.o)
    0x0800027a   0x0800027a   0x00000000   Code   RO         7321    .ARM.Collect$$libshutdown$$0000000C  c_w.l(libshutdown2.o)
    0x0800027a   0x0800027a   0x00000000   Code   RO         7324    .ARM.Collect$$libshutdown$$0000000F  c_w.l(libshutdown2.o)
    0x0800027a   0x0800027a   0x00000002   Code   RO         7325    .ARM.Collect$$libshutdown$$00000010  c_w.l(libshutdown2.o)
    0x0800027c   0x0800027c   0x00000000   Code   RO         7120    .ARM.Collect$$rtentry$$00000000  c_w.l(__rtentry.o)
    0x0800027c   0x0800027c   0x00000000   Code   RO         7150    .ARM.Collect$$rtentry$$00000002  c_w.l(__rtentry2.o)
    0x0800027c   0x0800027c   0x00000006   Code   RO         7162    .ARM.Collect$$rtentry$$00000004  c_w.l(__rtentry4.o)
    0x08000282   0x08000282   0x00000000   Code   RO         7152    .ARM.Collect$$rtentry$$00000009  c_w.l(__rtentry2.o)
    0x08000282   0x08000282   0x00000004   Code   RO         7153    .ARM.Collect$$rtentry$$0000000A  c_w.l(__rtentry2.o)
    0x08000286   0x08000286   0x00000000   Code   RO         7155    .ARM.Collect$$rtentry$$0000000C  c_w.l(__rtentry2.o)
    0x08000286   0x08000286   0x00000008   Code   RO         7156    .ARM.Collect$$rtentry$$0000000D  c_w.l(__rtentry2.o)
    0x0800028e   0x0800028e   0x00000002   Code   RO         7275    .ARM.Collect$$rtexit$$00000000  c_w.l(rtexit.o)
    0x08000290   0x08000290   0x00000000   Code   RO         7282    .ARM.Collect$$rtexit$$00000002  c_w.l(rtexit2.o)
    0x08000290   0x08000290   0x00000004   Code   RO         7283    .ARM.Collect$$rtexit$$00000003  c_w.l(rtexit2.o)
    0x08000294   0x08000294   0x00000006   Code   RO         7284    .ARM.Collect$$rtexit$$00000004  c_w.l(rtexit2.o)
    0x0800029a   0x0800029a   0x00000002   PAD
    0x0800029c   0x0800029c   0x00000040   Code   RO         1281    .text               startup_stm32f40_41xxx.o
    0x080002dc   0x080002dc   0x00000134   Code   RO         2279    .text               context_rvds.o
    0x08000410   0x08000410   0x00000002   Code   RO         7015    .text               c_w.l(use_no_semi_2.o)
    0x08000412   0x08000412   0x00000002   PAD
    0x08000414   0x08000414   0x00000018   Code   RO         7021    .text               c_w.l(noretval__2printf.o)
    0x0800042c   0x0800042c   0x00000028   Code   RO         7023    .text               c_w.l(noretval__2sprintf.o)
    0x08000454   0x08000454   0x0000004e   Code   RO         7027    .text               c_w.l(_printf_pad.o)
    0x080004a2   0x080004a2   0x00000052   Code   RO         7029    .text               c_w.l(_printf_str.o)
    0x080004f4   0x080004f4   0x00000078   Code   RO         7031    .text               c_w.l(_printf_dec.o)
    0x0800056c   0x0800056c   0x00000058   Code   RO         7036    .text               c_w.l(_printf_hex_int.o)
    0x080005c4   0x080005c4   0x00000138   Code   RO         7066    .text               c_w.l(__printf_flags_wp.o)
    0x080006fc   0x080006fc   0x0000000c   Code   RO         7079    .text               c_w.l(strtok.o)
    0x08000708   0x08000708   0x00000024   Code   RO         7082    .text               c_w.l(strstr.o)
    0x0800072c   0x0800072c   0x00000048   Code   RO         7084    .text               c_w.l(strcpy.o)
    0x08000774   0x08000774   0x0000003e   Code   RO         7086    .text               c_w.l(strlen.o)
    0x080007b2   0x080007b2   0x0000008a   Code   RO         7088    .text               c_w.l(rt_memcpy_v6.o)
    0x0800083c   0x0800083c   0x0000004e   Code   RO         7090    .text               c_w.l(rt_memclr_w.o)
    0x0800088a   0x0800088a   0x00000002   PAD
    0x0800088c   0x0800088c   0x00000080   Code   RO         7092    .text               c_w.l(strcmpv7m.o)
    0x0800090c   0x0800090c   0x00000006   Code   RO         7094    .text               c_w.l(heapauxi.o)
    0x08000912   0x08000912   0x00000002   Code   RO         7118    .text               c_w.l(use_no_semi.o)
    0x08000914   0x08000914   0x000000b2   Code   RO         7121    .text               c_w.l(_printf_intcommon.o)
    0x080009c6   0x080009c6   0x0000041e   Code   RO         7123    .text               c_w.l(_printf_fp_dec.o)
    0x08000de4   0x08000de4   0x00000030   Code   RO         7125    .text               c_w.l(_printf_char_common.o)
    0x08000e14   0x08000e14   0x0000000a   Code   RO         7127    .text               c_w.l(_sputc.o)
    0x08000e1e   0x08000e1e   0x0000002c   Code   RO         7129    .text               c_w.l(_printf_char.o)
    0x08000e4a   0x08000e4a   0x00000002   PAD
    0x08000e4c   0x08000e4c   0x00000024   Code   RO         7131    .text               c_w.l(_printf_char_file.o)
    0x08000e70   0x08000e70   0x00000044   Code   RO         7134    .text               c_w.l(strtok_int.o)
    0x08000eb4   0x08000eb4   0x00000064   Code   RO         7136    .text               c_w.l(rt_memcpy_w.o)
    0x08000f18   0x08000f18   0x00000008   Code   RO         7167    .text               c_w.l(rt_locale_intlibspace.o)
    0x08000f20   0x08000f20   0x0000008a   Code   RO         7169    .text               c_w.l(lludiv10.o)
    0x08000faa   0x08000faa   0x00000002   PAD
    0x08000fac   0x08000fac   0x00000080   Code   RO         7171    .text               c_w.l(_printf_fp_infnan.o)
    0x0800102c   0x0800102c   0x000000e4   Code   RO         7175    .text               c_w.l(bigflt0.o)
    0x08001110   0x08001110   0x00000008   Code   RO         7200    .text               c_w.l(ferror.o)
    0x08001118   0x08001118   0x00000020   Code   RO         7207    .text               c_w.l(strcspn.o)
    0x08001138   0x08001138   0x0000001c   Code   RO         7209    .text               c_w.l(strspn.o)
    0x08001154   0x08001154   0x00000008   Code   RO         7217    .text               c_w.l(libspace.o)
    0x0800115c   0x0800115c   0x0000004a   Code   RO         7220    .text               c_w.l(sys_stackheap_outer.o)
    0x080011a6   0x080011a6   0x00000012   Code   RO         7222    .text               c_w.l(exit.o)
    0x080011b8   0x080011b8   0x0000003e   Code   RO         7178    CL$$btod_d2e        c_w.l(btod.o)
    0x080011f6   0x080011f6   0x00000046   Code   RO         7180    CL$$btod_d2e_denorm_low  c_w.l(btod.o)
    0x0800123c   0x0800123c   0x00000060   Code   RO         7179    CL$$btod_d2e_norm_op1  c_w.l(btod.o)
    0x0800129c   0x0800129c   0x00000338   Code   RO         7188    CL$$btod_div_common  c_w.l(btod.o)
    0x080015d4   0x080015d4   0x000000dc   Code   RO         7185    CL$$btod_e2e        c_w.l(btod.o)
    0x080016b0   0x080016b0   0x0000002a   Code   RO         7182    CL$$btod_ediv       c_w.l(btod.o)
    0x080016da   0x080016da   0x0000002a   Code   RO         7181    CL$$btod_emul       c_w.l(btod.o)
    0x08001704   0x08001704   0x00000244   Code   RO         7187    CL$$btod_mult_common  c_w.l(btod.o)
    0x08001948   0x08001948   0x0000000e   Code   RO         1360    i.$Sub$$main        components.o
    0x08001956   0x08001956   0x00000016   Code   RO         2335    i.ADC_Cmd           stm32f4xx_adc.o
    0x0800196c   0x0800196c   0x00000030   Code   RO         2336    i.ADC_CommonInit    stm32f4xx_adc.o
    0x0800199c   0x0800199c   0x00000016   Code   RO         2341    i.ADC_DeInit        stm32f4xx_adc.o
    0x080019b2   0x080019b2   0x00000008   Code   RO         2347    i.ADC_GetConversionValue  stm32f4xx_adc.o
    0x080019ba   0x080019ba   0x00000012   Code   RO         2348    i.ADC_GetFlagStatus  stm32f4xx_adc.o
    0x080019cc   0x080019cc   0x00000054   Code   RO         2355    i.ADC_Init          stm32f4xx_adc.o
    0x08001a20   0x08001a20   0x000000b8   Code   RO         2360    i.ADC_RegularChannelConfig  stm32f4xx_adc.o
    0x08001ad8   0x08001ad8   0x0000000a   Code   RO         2362    i.ADC_SoftwareStartConv  stm32f4xx_adc.o
    0x08001ae2   0x08001ae2   0x0000001a   Code   RO          746    i.AntennaOn         mfrc522.o
    0x08001afc   0x08001afc   0x00000004   Code   RO          266    i.BusFault_Handler  stm32f4xx_it.o
    0x08001b00   0x08001b00   0x00000076   Code   RO          747    i.CalulateCRC       mfrc522.o
    0x08001b76   0x08001b76   0x0000001c   Code   RO          748    i.ClearBitMask      mfrc522.o
    0x08001b92   0x08001b92   0x0000000c   Code   RO          496    i.DELAY_MS          delay.o
    0x08001b9e   0x08001b9e   0x00000012   Code   RO          497    i.DELAY_S           delay.o
    0x08001bb0   0x08001bb0   0x0000004c   Code   RO          498    i.DWT_Delay_Init    delay.o
    0x08001bfc   0x08001bfc   0x00000034   Code   RO          683    i.DWT_Delay_us      dht11.o
    0x08001c30   0x08001c30   0x00000034   Code   RO          749    i.DWT_Delay_us      mfrc522.o
    0x08001c64   0x08001c64   0x00000034   Code   RO         1029    i.DWT_Delay_us      key_int.o
    0x08001c98   0x08001c98   0x00000002   Code   RO          267    i.DebugMon_Handler  stm32f4xx_it.o
    0x08001c9a   0x08001c9a   0x00000002   PAD
    0x08001c9c   0x08001c9c   0x00000014   Code   RO         1136    i.ESP8266_Check_Exist  esp8266.o
    0x08001cb0   0x08001cb0   0x00000014   Code   RO         1137    i.ESP8266_CloseEcho  esp8266.o
    0x08001cc4   0x08001cc4   0x00000028   Code   RO         1138    i.ESP8266_ConnectNum  esp8266.o
    0x08001cec   0x08001cec   0x00000018   Code   RO         1140    i.ESP8266_STAClient_ExitMode  esp8266.o
    0x08001d04   0x08001d04   0x000000dc   Code   RO         1141    i.ESP8266_STAClient_Get_IP_MAC  esp8266.o
    0x08001de0   0x08001de0   0x000000c8   Code   RO         1142    i.ESP8266_STAClient_SendData  esp8266.o
    0x08001ea8   0x08001ea8   0x000000f4   Code   RO         1143    i.ESP8266_STATCPClient_ConnectServer  esp8266.o
    0x08001f9c   0x08001f9c   0x000001cc   Code   RO         1144    i.ESP8266_STATCPClient_MODE_Init  esp8266.o
    0x08002168   0x08002168   0x00000050   Code   RO         1145    i.ESP8266_STATCPClient_SetWorkMode  esp8266.o
    0x080021b8   0x080021b8   0x000000ec   Code   RO         1146    i.ESP8266_STATCPClient_SsidPasswords  esp8266.o
    0x080022a4   0x080022a4   0x000001c8   Code   RO         1147    i.ESP8266_SendCmd   esp8266.o
    0x0800246c   0x0800246c   0x00000070   Code   RO         1148    i.ESP8266_SetWorkMode  esp8266.o
    0x080024dc   0x080024dc   0x0000001e   Code   RO          537    i.EXTI15_10_IRQHandler  mq2.o
    0x080024fa   0x080024fa   0x00000002   PAD
    0x080024fc   0x080024fc   0x0000002c   Code   RO         1030    i.EXTI3_IRQHandler  key_int.o
    0x08002528   0x08002528   0x0000002c   Code   RO         1031    i.EXTI4_IRQHandler  key_int.o
    0x08002554   0x08002554   0x0000001c   Code   RO         1253    i.EXTI9_5_IRQHandler  flame.o
    0x08002570   0x08002570   0x0000000c   Code   RO         3532    i.EXTI_ClearITPendingBit  stm32f4xx_exti.o
    0x0800257c   0x0800257c   0x00000018   Code   RO         3536    i.EXTI_GetITStatus  stm32f4xx_exti.o
    0x08002594   0x08002594   0x00000094   Code   RO         3537    i.EXTI_Init         stm32f4xx_exti.o
    0x08002628   0x08002628   0x0000000c   Code   RO         3593    i.FLASH_ClearFlag   stm32f4xx_flash.o
    0x08002634   0x08002634   0x00000054   Code   RO         3601    i.FLASH_GetStatus   stm32f4xx_flash.o
    0x08002688   0x08002688   0x00000014   Code   RO         3605    i.FLASH_Lock        stm32f4xx_flash.o
    0x0800269c   0x0800269c   0x00000050   Code   RO         3629    i.FLASH_ProgramWord  stm32f4xx_flash.o
    0x080026ec   0x080026ec   0x00000024   Code   RO         3631    i.FLASH_Unlock      stm32f4xx_flash.o
    0x08002710   0x08002710   0x00000022   Code   RO         3632    i.FLASH_WaitForLastOperation  stm32f4xx_flash.o
    0x08002732   0x08002732   0x00000090   Code   RO         4008    i.GPIO_Init         stm32f4xx_gpio.o
    0x080027c2   0x080027c2   0x00000046   Code   RO         4009    i.GPIO_PinAFConfig  stm32f4xx_gpio.o
    0x08002808   0x08002808   0x00000004   Code   RO         4015    i.GPIO_ResetBits    stm32f4xx_gpio.o
    0x0800280c   0x0800280c   0x00000004   Code   RO         4016    i.GPIO_SetBits      stm32f4xx_gpio.o
    0x08002810   0x08002810   0x00000138   Code   RO         1149    i.GetLinkStatus     esp8266.o
    0x08002948   0x08002948   0x0000002a   Code   RO         4283    i.I2C_CheckEvent    stm32f4xx_i2c.o
    0x08002972   0x08002972   0x00000018   Code   RO         4286    i.I2C_Cmd           stm32f4xx_i2c.o
    0x0800298a   0x0800298a   0x00000002   PAD
    0x0800298c   0x0800298c   0x00000098   Code   RO          926    i.I2C_Configuration  oled_i2c.o
    0x08002a24   0x08002a24   0x00000060   Code   RO         4289    i.I2C_DeInit        stm32f4xx_i2c.o
    0x08002a84   0x08002a84   0x00000018   Code   RO         4294    i.I2C_GenerateSTART  stm32f4xx_i2c.o
    0x08002a9c   0x08002a9c   0x00000018   Code   RO         4295    i.I2C_GenerateSTOP  stm32f4xx_i2c.o
    0x08002ab4   0x08002ab4   0x0000003a   Code   RO         4296    i.I2C_GetFlagStatus  stm32f4xx_i2c.o
    0x08002aee   0x08002aee   0x00000002   PAD
    0x08002af0   0x08002af0   0x000000e8   Code   RO         4301    i.I2C_Init          stm32f4xx_i2c.o
    0x08002bd8   0x08002bd8   0x00000010   Code   RO         4308    i.I2C_Send7bitAddress  stm32f4xx_i2c.o
    0x08002be8   0x08002be8   0x00000004   Code   RO         4309    i.I2C_SendData      stm32f4xx_i2c.o
    0x08002bec   0x08002bec   0x0000008c   Code   RO          927    i.I2C_WriteByte     oled_i2c.o
    0x08002c78   0x08002c78   0x00000062   Code   RO          751    i.MFRC522_Anticoll  mfrc522.o
    0x08002cda   0x08002cda   0x0000006e   Code   RO          752    i.MFRC522_Auth      mfrc522.o
    0x08002d48   0x08002d48   0x00000048   Code   RO          754    i.MFRC522_Initializtion  mfrc522.o
    0x08002d90   0x08002d90   0x00000060   Code   RO          755    i.MFRC522_Read      mfrc522.o
    0x08002df0   0x08002df0   0x00000032   Code   RO          756    i.MFRC522_Request   mfrc522.o
    0x08002e22   0x08002e22   0x00000002   PAD
    0x08002e24   0x08002e24   0x00000040   Code   RO          757    i.MFRC522_Reset     mfrc522.o
    0x08002e64   0x08002e64   0x0000008c   Code   RO          758    i.MFRC522_SelectTag  mfrc522.o
    0x08002ef0   0x08002ef0   0x0000013a   Code   RO          759    i.MFRC522_ToCard    mfrc522.o
    0x0800302a   0x0800302a   0x00000096   Code   RO          760    i.MFRC522_Write     mfrc522.o
    0x080030c0   0x080030c0   0x00000078   Code   RO          538    i.MQ2_init          mq2.o
    0x08003138   0x08003138   0x00000004   Code   RO          268    i.MemManage_Handler  stm32f4xx_it.o
    0x0800313c   0x0800313c   0x00000002   Code   RO          269    i.NMI_Handler       stm32f4xx_it.o
    0x0800313e   0x0800313e   0x00000002   PAD
    0x08003140   0x08003140   0x00000078   Code   RO         2285    i.NVIC_Init         misc.o
    0x080031b8   0x080031b8   0x00000014   Code   RO         2286    i.NVIC_PriorityGroupConfig  misc.o
    0x080031cc   0x080031cc   0x0000003a   Code   RO          930    i.OLED_Fill         oled_i2c.o
    0x08003206   0x08003206   0x000000b2   Code   RO          931    i.OLED_Init         oled_i2c.o
    0x080032b8   0x080032b8   0x00000028   Code   RO          934    i.OLED_SetPos       oled_i2c.o
    0x080032e0   0x080032e0   0x00000054   Code   RO          935    i.OLED_ShowCN       oled_i2c.o
    0x08003334   0x08003334   0x000000ec   Code   RO          936    i.OLED_ShowStr      oled_i2c.o
    0x08003420   0x08003420   0x00000020   Code   RO         4872    i.RCC_AHB1PeriphClockCmd  stm32f4xx_rcc.o
    0x08003440   0x08003440   0x00000020   Code   RO         4881    i.RCC_APB1PeriphClockCmd  stm32f4xx_rcc.o
    0x08003460   0x08003460   0x00000020   Code   RO         4883    i.RCC_APB1PeriphResetCmd  stm32f4xx_rcc.o
    0x08003480   0x08003480   0x00000020   Code   RO         4884    i.RCC_APB2PeriphClockCmd  stm32f4xx_rcc.o
    0x080034a0   0x080034a0   0x00000020   Code   RO         4886    i.RCC_APB2PeriphResetCmd  stm32f4xx_rcc.o
    0x080034c0   0x080034c0   0x000000e8   Code   RO         4893    i.RCC_GetClocksFreq  stm32f4xx_rcc.o
    0x080035a8   0x080035a8   0x0000003c   Code   RO          761    i.Read_MFRC522      mfrc522.o
    0x080035e4   0x080035e4   0x0000000a   Code   RO          762    i.SPI3_Receive      mfrc522.o
    0x080035ee   0x080035ee   0x0000000c   Code   RO          763    i.SPI3_Send         mfrc522.o
    0x080035fa   0x080035fa   0x00000002   PAD
    0x080035fc   0x080035fc   0x000000c8   Code   RO          764    i.STM32_SPI3_Init   mfrc522.o
    0x080036c4   0x080036c4   0x00000006   Code   RO         1075    i.STMFLASH_ReadWord  flash.o
    0x080036ca   0x080036ca   0x00000002   Code   RO          270    i.SVC_Handler       stm32f4xx_it.o
    0x080036cc   0x080036cc   0x00000040   Code   RO         6150    i.SYSCFG_EXTILineConfig  stm32f4xx_syscfg.o
    0x0800370c   0x0800370c   0x0000001c   Code   RO          765    i.SetBitMask        mfrc522.o
    0x08003728   0x08003728   0x000000ec   Code   RO         1287    i.SetSysClock       system_stm32f4xx.o
    0x08003814   0x08003814   0x00000034   Code   RO          684    i.Set_DQ_inout      dht11.o
    0x08003848   0x08003848   0x00000010   Code   RO          319    i.SysTick_Handler   board.o
    0x08003858   0x08003858   0x00000068   Code   RO         1289    i.SystemInit        system_stm32f4xx.o
    0x080038c0   0x080038c0   0x00000014   Code   RO          420    i.TIM2_IRQHandler   timer.o
    0x080038d4   0x080038d4   0x00000038   Code   RO          421    i.TIM3_IRQHandler   timer.o
    0x0800390c   0x0800390c   0x00000006   Code   RO         6214    i.TIM_ClearITPendingBit  stm32f4xx_tim.o
    0x08003912   0x08003912   0x00000018   Code   RO         6219    i.TIM_Cmd           stm32f4xx_tim.o
    0x0800392a   0x0800392a   0x00000006   Code   RO         6238    i.TIM_GetCounter    stm32f4xx_tim.o
    0x08003930   0x08003930   0x00000022   Code   RO         6240    i.TIM_GetITStatus   stm32f4xx_tim.o
    0x08003952   0x08003952   0x00000012   Code   RO         6244    i.TIM_ITConfig      stm32f4xx_tim.o
    0x08003964   0x08003964   0x00000004   Code   RO         6285    i.TIM_SetCounter    stm32f4xx_tim.o
    0x08003968   0x08003968   0x00000084   Code   RO         6291    i.TIM_TimeBaseInit  stm32f4xx_tim.o
    0x080039ec   0x080039ec   0x00000030   Code   RO          566    i.USART1_IRQHandler  usart.o
    0x08003a1c   0x08003a1c   0x00000060   Code   RO          567    i.USART3_IRQHandler  usart.o
    0x08003a7c   0x08003a7c   0x0000001e   Code   RO         6766    i.USART_ClearITPendingBit  stm32f4xx_usart.o
    0x08003a9a   0x08003a9a   0x00000018   Code   RO         6769    i.USART_Cmd         stm32f4xx_usart.o
    0x08003ab2   0x08003ab2   0x0000001a   Code   RO         6772    i.USART_GetFlagStatus  stm32f4xx_usart.o
    0x08003acc   0x08003acc   0x00000054   Code   RO         6773    i.USART_GetITStatus  stm32f4xx_usart.o
    0x08003b20   0x08003b20   0x0000004a   Code   RO         6775    i.USART_ITConfig    stm32f4xx_usart.o
    0x08003b6a   0x08003b6a   0x00000002   PAD
    0x08003b6c   0x08003b6c   0x000000d4   Code   RO         6776    i.USART_Init        stm32f4xx_usart.o
    0x08003c40   0x08003c40   0x0000000a   Code   RO         6783    i.USART_ReceiveData  stm32f4xx_usart.o
    0x08003c4a   0x08003c4a   0x00000008   Code   RO         6786    i.USART_SendData    stm32f4xx_usart.o
    0x08003c52   0x08003c52   0x00000004   Code   RO          271    i.UsageFault_Handler  stm32f4xx_it.o
    0x08003c56   0x08003c56   0x0000000e   Code   RO          937    i.WriteCmd          oled_i2c.o
    0x08003c64   0x08003c64   0x0000000e   Code   RO          938    i.WriteDat          oled_i2c.o
    0x08003c72   0x08003c72   0x00000002   PAD
    0x08003c74   0x08003c74   0x00000038   Code   RO          766    i.Write_MFRC522     mfrc522.o
    0x08003cac   0x08003cac   0x00000030   Code   RO         7215    i.__ARM_fpclassify  m_wm.l(fpclassify.o)
    0x08003cdc   0x08003cdc   0x0000004c   Code   RO         1625    i.__rt_ffs          kservice.o
    0x08003d28   0x08003d28   0x00000014   Code   RO         1434    i._has_defunct_thread  idle.o
    0x08003d3c   0x08003d3c   0x0000000e   Code   RO         7064    i._is_digit         c_w.l(__printf_wp.o)
    0x08003d4a   0x08003d4a   0x00000002   PAD
    0x08003d4c   0x08003d4c   0x00000084   Code   RO         2012    i._rt_thread_init   thread.o
    0x08003dd0   0x08003dd0   0x00000042   Code   RO         2133    i._rt_timer_init    timer_1.o
    0x08003e12   0x08003e12   0x0000002e   Code   RO         2134    i._rt_timer_remove  timer_1.o
    0x08003e40   0x08003e40   0x00000004   Code   RO          568    i._sys_exit         usart.o
    0x08003e44   0x08003e44   0x00000078   Code   RO          651    i.adc_init          adc.o
    0x08003ebc   0x08003ebc   0x000001e4   Code   RO            3    i.cardOpenDoor_thread_entry  main.o
    0x080040a0   0x080040a0   0x000000b4   Code   RO          769    i.comReqA_UID       mfrc522.o
    0x08004154   0x08004154   0x0000007c   Code   RO          685    i.dht11_init        dht11.o
    0x080041d0   0x080041d0   0x00000088   Code   RO            4    i.event_thread_entry  main.o
    0x08004258   0x08004258   0x00000074   Code   RO         1254    i.flame_init        flame.o
    0x080042cc   0x080042cc   0x00000024   Code   RO          569    i.fputc             usart.o
    0x080042f0   0x080042f0   0x00000070   Code   RO          653    i.get_adc2value     adc.o
    0x08004360   0x08004360   0x000000b0   Code   RO          453    i.get_sro4_distance  supersonic.o
    0x08004410   0x08004410   0x000000a4   Code   RO         1032    i.key_int_init      key_int.o
    0x080044b4   0x080044b4   0x0000006c   Code   RO          367    i.led_init          led.o
    0x08004520   0x08004520   0x00000050   Code   RO          368    i.led_onoff         led.o
    0x08004570   0x08004570   0x00000118   Code   RO            5    i.main              main.o
    0x08004688   0x08004688   0x0000000e   Code   RO         1361    i.main_thread_entry  components.o
    0x08004696   0x08004696   0x00000002   PAD
    0x08004698   0x08004698   0x000001fc   Code   RO            6    i.mainevent_thread_entry  main.o
    0x08004894   0x08004894   0x00000078   Code   RO         1802    i.plug_holes        mem.o
    0x0800490c   0x0800490c   0x00000198   Code   RO         1627    i.print_number      kservice.o
    0x08004aa4   0x08004aa4   0x00000030   Code   RO         1362    i.rt_application_init  components.o
    0x08004ad4   0x08004ad4   0x0000001c   Code   RO         1363    i.rt_components_board_init  components.o
    0x08004af0   0x08004af0   0x0000001c   Code   RO         1364    i.rt_components_init  components.o
    0x08004b0c   0x08004b0c   0x00000020   Code   RO         1940    i.rt_enter_critical  scheduler.o
    0x08004b2c   0x08004b2c   0x0000003c   Code   RO         1941    i.rt_exit_critical  scheduler.o
    0x08004b68   0x08004b68   0x000000e0   Code   RO         1804    i.rt_free           mem.o
    0x08004c48   0x08004c48   0x00000008   Code   RO          320    i.rt_heap_begin_get  board.o
    0x08004c50   0x08004c50   0x00000008   Code   RO          321    i.rt_heap_end_get   board.o
    0x08004c58   0x08004c58   0x00000078   Code   RO          322    i.rt_hw_board_init  board.o
    0x08004cd0   0x08004cd0   0x00000002   Code   RO         1630    i.rt_hw_console_output  kservice.o
    0x08004cd2   0x08004cd2   0x00000002   PAD
    0x08004cd4   0x08004cd4   0x00000224   Code   RO         2243    i.rt_hw_hard_fault_exception  cpuport.o
    0x08004ef8   0x08004ef8   0x00000050   Code   RO         2244    i.rt_hw_stack_init  cpuport.o
    0x08004f48   0x08004f48   0x00000020   Code   RO         1598    i.rt_interrupt_enter  irq.o
    0x08004f68   0x08004f68   0x00000020   Code   RO         1600    i.rt_interrupt_leave  irq.o
    0x08004f88   0x08004f88   0x0000006c   Code   RO         1482    i.rt_ipc_list_suspend  ipc.o
    0x08004ff4   0x08004ff4   0x00000010   Code   RO         1483    i.rt_ipc_object_init  ipc.o
    0x08005004   0x08005004   0x00000030   Code   RO         1631    i.rt_kprintf        kservice.o
    0x08005034   0x08005034   0x00000006   Code   RO         1942    i.rt_list_init      scheduler.o
    0x0800503a   0x0800503a   0x00000006   Code   RO         2135    i.rt_list_init      timer_1.o
    0x08005040   0x08005040   0x0000000e   Code   RO         1864    i.rt_list_insert_after  object.o
    0x0800504e   0x0800504e   0x0000000e   Code   RO         2013    i.rt_list_insert_after  thread.o
    0x0800505c   0x0800505c   0x0000000e   Code   RO         2136    i.rt_list_insert_after  timer_1.o
    0x0800506a   0x0800506a   0x0000000e   Code   RO         1484    i.rt_list_insert_before  ipc.o
    0x08005078   0x08005078   0x00000010   Code   RO         1485    i.rt_list_isempty   ipc.o
    0x08005088   0x08005088   0x00000010   Code   RO         2137    i.rt_list_isempty   timer_1.o
    0x08005098   0x08005098   0x00000012   Code   RO         1865    i.rt_list_remove    object.o
    0x080050aa   0x080050aa   0x00000012   Code   RO         2014    i.rt_list_remove    thread.o
    0x080050bc   0x080050bc   0x0000016c   Code   RO         1805    i.rt_malloc         mem.o
    0x08005228   0x08005228   0x00000048   Code   RO         1637    i.rt_memset         kservice.o
    0x08005270   0x08005270   0x00000054   Code   RO         1866    i.rt_object_allocate  object.o
    0x080052c4   0x080052c4   0x00000024   Code   RO         1867    i.rt_object_delete  object.o
    0x080052e8   0x080052e8   0x0000001e   Code   RO         1868    i.rt_object_detach  object.o
    0x08005306   0x08005306   0x00000002   PAD
    0x08005308   0x08005308   0x00000028   Code   RO         1870    i.rt_object_get_information  object.o
    0x08005330   0x08005330   0x0000003c   Code   RO         1872    i.rt_object_init    object.o
    0x0800536c   0x0800536c   0x00000012   Code   RO         1873    i.rt_object_is_systemobject  object.o
    0x0800537e   0x0800537e   0x00000002   PAD
    0x08005380   0x08005380   0x00000090   Code   RO         1943    i.rt_schedule       scheduler.o
    0x08005410   0x08005410   0x00000050   Code   RO         1944    i.rt_schedule_insert_thread  scheduler.o
    0x08005460   0x08005460   0x00000054   Code   RO         1945    i.rt_schedule_remove_thread  scheduler.o
    0x080054b4   0x080054b4   0x00000026   Code   RO         1490    i.rt_sem_init       ipc.o
    0x080054da   0x080054da   0x00000046   Code   RO         1491    i.rt_sem_release    ipc.o
    0x08005520   0x08005520   0x00000074   Code   RO         1492    i.rt_sem_take       ipc.o
    0x08005594   0x08005594   0x000000b0   Code   RO         1639    i.rt_show_version   kservice.o
    0x08005644   0x08005644   0x00000012   Code   RO         1645    i.rt_strlen         kservice.o
    0x08005656   0x08005656   0x00000034   Code   RO         1647    i.rt_strncpy        kservice.o
    0x0800568a   0x0800568a   0x00000002   PAD
    0x0800568c   0x0800568c   0x000000f8   Code   RO         1808    i.rt_system_heap_init  mem.o
    0x08005784   0x08005784   0x0000004c   Code   RO         1946    i.rt_system_scheduler_init  scheduler.o
    0x080057d0   0x080057d0   0x00000030   Code   RO         1947    i.rt_system_scheduler_start  scheduler.o
    0x08005800   0x08005800   0x0000001c   Code   RO         2138    i.rt_system_timer_init  timer_1.o
    0x0800581c   0x0800581c   0x00000002   Code   RO         2139    i.rt_system_timer_thread_init  timer_1.o
    0x0800581e   0x0800581e   0x00000050   Code   RO         2016    i.rt_thread_create  thread.o
    0x0800586e   0x0800586e   0x0000000c   Code   RO         2017    i.rt_thread_delay   thread.o
    0x0800587a   0x0800587a   0x00000002   PAD
    0x0800587c   0x0800587c   0x00000054   Code   RO         2020    i.rt_thread_exit    thread.o
    0x080058d0   0x080058d0   0x00000008   Code   RO         1435    i.rt_thread_idle_entry  idle.o
    0x080058d8   0x080058d8   0x00000084   Code   RO         1436    i.rt_thread_idle_excute  idle.o
    0x0800595c   0x0800595c   0x0000003c   Code   RO         1438    i.rt_thread_idle_init  idle.o
    0x08005998   0x08005998   0x00000034   Code   RO         2022    i.rt_thread_init    thread.o
    0x080059cc   0x080059cc   0x0000003c   Code   RO         2024    i.rt_thread_resume  thread.o
    0x08005a08   0x08005a08   0x0000000c   Code   RO         2025    i.rt_thread_self    thread.o
    0x08005a14   0x08005a14   0x00000044   Code   RO         2026    i.rt_thread_sleep   thread.o
    0x08005a58   0x08005a58   0x0000002c   Code   RO         2027    i.rt_thread_startup  thread.o
    0x08005a84   0x08005a84   0x00000044   Code   RO         2028    i.rt_thread_suspend  thread.o
    0x08005ac8   0x08005ac8   0x00000020   Code   RO         2029    i.rt_thread_timeout  thread.o
    0x08005ae8   0x08005ae8   0x00000064   Code   RO         2030    i.rt_thread_yield   thread.o
    0x08005b4c   0x08005b4c   0x0000000c   Code   RO         1324    i.rt_tick_get       clock.o
    0x08005b58   0x08005b58   0x00000030   Code   RO         1325    i.rt_tick_increase  clock.o
    0x08005b88   0x08005b88   0x0000007c   Code   RO         2140    i.rt_timer_check    timer_1.o
    0x08005c04   0x08005c04   0x00000038   Code   RO         2141    i.rt_timer_control  timer_1.o
    0x08005c3c   0x08005c3c   0x00000020   Code   RO         2144    i.rt_timer_detach   timer_1.o
    0x08005c5c   0x08005c5c   0x0000002e   Code   RO         2145    i.rt_timer_init     timer_1.o
    0x08005c8a   0x08005c8a   0x00000002   PAD
    0x08005c8c   0x08005c8c   0x000000f8   Code   RO         2148    i.rt_timer_start    timer_1.o
    0x08005d84   0x08005d84   0x00000030   Code   RO         2149    i.rt_timer_stop     timer_1.o
    0x08005db4   0x08005db4   0x00000328   Code   RO         1650    i.rt_vsnprintf      kservice.o
    0x080060dc   0x080060dc   0x00000004   Code   RO         1365    i.rti_board_end     components.o
    0x080060e0   0x080060e0   0x00000004   Code   RO         1366    i.rti_board_start   components.o
    0x080060e4   0x080060e4   0x00000004   Code   RO         1367    i.rti_end           components.o
    0x080060e8   0x080060e8   0x00000004   Code   RO         1368    i.rti_start         components.o
    0x080060ec   0x080060ec   0x0000002a   Code   RO         1369    i.rtthread_startup  components.o
    0x08006116   0x08006116   0x00000002   PAD
    0x08006118   0x08006118   0x000001ec   Code   RO          770    i.rwCardData        mfrc522.o
    0x08006304   0x08006304   0x000002a4   Code   RO         1150    i.sendDataTOONENET  esp8266.o
    0x080065a8   0x080065a8   0x000000d0   Code   RO          939    i.show_mq2_dht11    oled_i2c.o
    0x08006678   0x08006678   0x00000026   Code   RO         1652    i.skip_atoi         kservice.o
    0x0800669e   0x0800669e   0x00000002   PAD
    0x080066a0   0x080066a0   0x00000078   Code   RO          771    i.spi_readwrite     mfrc522.o
    0x08006718   0x08006718   0x00000048   Code   RO          454    i.supersonic_init   supersonic.o
    0x08006760   0x08006760   0x000000b8   Code   RO          422    i.timer1_init       timer.o
    0x08006818   0x08006818   0x000000b0   Code   RO          570    i.usart1_init       usart.o
    0x080068c8   0x080068c8   0x000000b0   Code   RO          573    i.usart3_init       usart.o
    0x08006978   0x08006978   0x00000020   Code   RO          574    i.usart3_putc       usart.o
    0x08006998   0x08006998   0x00000016   Code   RO          575    i.usart3_puts       usart.o
    0x080069ae   0x080069ae   0x00000002   PAD
    0x080069b0   0x080069b0   0x00000040   Code   RO         1079    i.write_flash       flash.o
    0x080069f0   0x080069f0   0x0000002c   Code   RO         7205    locale$$code        c_w.l(lc_numeric_c.o)
    0x08006a1c   0x08006a1c   0x00000062   Code   RO         7098    x$fpl$d2f           fz_wm.l(d2f.o)
    0x08006a7e   0x08006a7e   0x00000018   Code   RO         7211    x$fpl$dcmpinf       fz_wm.l(dcmpi.o)
    0x08006a96   0x08006a96   0x00000002   PAD
    0x08006a98   0x08006a98   0x000002b0   Code   RO         7101    x$fpl$ddiv          fz_wm.l(ddiv.o)
    0x08006d48   0x08006d48   0x00000026   Code   RO         7104    x$fpl$dfltu         fz_wm.l(dflt_clz.o)
    0x08006d6e   0x08006d6e   0x00000002   PAD
    0x08006d70   0x08006d70   0x00000078   Code   RO         7138    x$fpl$dleqf         fz_wm.l(dleqf.o)
    0x08006de8   0x08006de8   0x00000154   Code   RO         7110    x$fpl$dmul          fz_wm.l(dmul.o)
    0x08006f3c   0x08006f3c   0x0000009c   Code   RO         7140    x$fpl$dnaninf       fz_wm.l(dnaninf.o)
    0x08006fd8   0x08006fd8   0x0000000c   Code   RO         7142    x$fpl$dretinf       fz_wm.l(dretinf.o)
    0x08006fe4   0x08006fe4   0x0000006c   Code   RO         7112    x$fpl$drleqf        fz_wm.l(drleqf.o)
    0x08007050   0x08007050   0x00000056   Code   RO         7114    x$fpl$f2d           fz_wm.l(f2d.o)
    0x080070a6   0x080070a6   0x0000008c   Code   RO         7144    x$fpl$fnaninf       fz_wm.l(fnaninf.o)
    0x08007132   0x08007132   0x0000000a   Code   RO         7279    x$fpl$fpinit        fz_wm.l(fpinit.o)
    0x0800713c   0x0800713c   0x0000000a   Code   RO         7146    x$fpl$fretinf       fz_wm.l(fretinf.o)
    0x08007146   0x08007146   0x00000004   Code   RO         7116    x$fpl$printf1       fz_wm.l(printf1.o)
    0x0800714a   0x0800714a   0x00000000   Code   RO         7148    x$fpl$usenofp       fz_wm.l(usenofp.o)
    0x0800714a   0x0800714a   0x00000818   Data   RO          940    .constdata          oled_i2c.o
    0x08007962   0x08007962   0x00000122   Data   RO         1654    .constdata          kservice.o
    0x08007a84   0x08007a84   0x00000028   Data   RO         7037    .constdata          c_w.l(_printf_hex_int.o)
    0x08007aac   0x08007aac   0x00000011   Data   RO         7067    .constdata          c_w.l(__printf_flags_wp.o)
    0x08007abd   0x08007abd   0x00000003   PAD
    0x08007ac0   0x08007ac0   0x00000094   Data   RO         7176    .constdata          c_w.l(bigflt0.o)
    0x08007b54   0x08007b54   0x00000072   Data   RO         1151    .conststring        esp8266.o
    0x08007bc6   0x08007bc6   0x00000002   PAD
    0x08007bc8   0x08007bc8   0x00000004   Data   RO         1370    .rti_fn.0           components.o
    0x08007bcc   0x08007bcc   0x00000004   Data   RO         1371    .rti_fn.0.end       components.o
    0x08007bd0   0x08007bd0   0x00000004   Data   RO         1372    .rti_fn.1.end       components.o
    0x08007bd4   0x08007bd4   0x00000004   Data   RO         1373    .rti_fn.6.end       components.o
    0x08007bd8   0x08007bd8   0x00000020   Data   RO         7350    Region$$Table       anon$$obj.o
    0x08007bf8   0x08007bf8   0x0000001c   Data   RO         7204    locale$$data        c_w.l(lc_numeric_c.o)


    Execution Region RW_IRAM2 (Exec base: 0x10000000, Load base: 0x08008298, Size: 0x00000000, Max: 0x00010000, ABSOLUTE)

    **** No section assigned to this execution region ****


    Execution Region RW_IRAM1 (Exec base: 0x20000000, Load base: 0x08007c14, Size: 0x00004608, Max: 0x00020000, ABSOLUTE, COMPRESSED[0x00000684])

    Exec Addr    Load Addr    Size         Type   Attr      Idx    E Section Name        Object

    0x20000000   COMPRESSED   0x0000005a   Data   RW            8    .data               main.o
    0x2000005a   COMPRESSED   0x00000002   PAD
    0x2000005c   COMPRESSED   0x00000014   Data   RW          577    .data               usart.o
    0x20000070   COMPRESSED   0x00000013   Data   RW          772    .data               mfrc522.o
    0x20000083   COMPRESSED   0x00000f80   Data   RW          941    .data               oled_i2c.o
    0x20001003   COMPRESSED   0x00000001   Data   RW         1033    .data               key_int.o
    0x20001004   COMPRESSED   0x00000001   Data   RW         1152    .data               esp8266.o
    0x20001005   COMPRESSED   0x00000003   PAD
    0x20001008   COMPRESSED   0x00000014   Data   RW         1290    .data               system_stm32f4xx.o
    0x2000101c   COMPRESSED   0x00000004   Data   RW         1327    .data               clock.o
    0x20001020   COMPRESSED   0x00000001   Data   RW         1601    .data               irq.o
    0x20001021   COMPRESSED   0x00000003   PAD
    0x20001024   COMPRESSED   0x00000018   Data   RW         1810    .data               mem.o
    0x2000103c   COMPRESSED   0x00000040   Data   RW         1875    .data               object.o
    0x2000107c   COMPRESSED   0x00000018   Data   RW         1949    .data               scheduler.o
    0x20001094   COMPRESSED   0x0000000c   Data   RW         2150    .data               timer_1.o
    0x200010a0   COMPRESSED   0x00000010   Data   RW         2245    .data               cpuport.o
    0x200010b0   COMPRESSED   0x00000010   Data   RW         4925    .data               stm32f4xx_rcc.o
    0x200010c0   COMPRESSED   0x00000004   Data   RW         7080    .data               c_w.l(strtok.o)
    0x200010c4        -       0x00001180   Zero   RW            7    .bss                main.o
    0x20002244        -       0x00001800   Zero   RW          323    .bss                board.o
    0x20003a44        -       0x00000240   Zero   RW          576    .bss                usart.o
    0x20003c84        -       0x00000180   Zero   RW         1439    .bss                idle.o
    0x20003e04        -       0x00000080   Zero   RW         1653    .bss                kservice.o
    0x20003e84        -       0x00000020   Zero   RW         1809    .bss                mem.o
    0x20003ea4        -       0x00000100   Zero   RW         1948    .bss                scheduler.o
    0x20003fa4        -       0x00000060   Zero   RW         7218    .bss                c_w.l(libspace.o)
    0x20004004   COMPRESSED   0x00000004   PAD
    0x20004008        -       0x00000200   Zero   RW         1279    HEAP                startup_stm32f40_41xxx.o
    0x20004208        -       0x00000400   Zero   RW         1278    STACK               startup_stm32f40_41xxx.o


==============================================================================

Image component sizes


      Code (inc. data)   RO Data    RW Data    ZI Data      Debug   Object Name

       232         46          0          0          0       1223   adc.o
       152         20          0          0       6144      28958   board.o
        60         12          0          4          0       1181   clock.o
       190         30         16          0          0       5848   components.o
       308         26          0          0          0        788   context_rvds.o
       628        342          0         16          0       3982   cpuport.o
       106          8          0          0          0       1582   delay.o
       228         28          0          0          0       2088   dht11.o
      3100       1494        114          1          0      10938   esp8266.o
       144          8          0          0          0       1146   flame.o
        70         24          0          0          0       1142   flash.o
       220         30          0          0        384       5490   idle.o
       378          0          0          0          0       7497   ipc.o
        64         12          0          1          0       1538   irq.o
       304         38          0          1          0       2448   key_int.o
      1698        164        290          0        128       9307   kservice.o
       188         14          0          0          0     246351   led.o
      1408        494          0         90       4480     306516   main.o
       956        224          0         24         32       3876   mem.o
      2476        262          0         19          0      16174   mfrc522.o
       140         24          0          0          0       1519   misc.o
       150          6          0          0          0       1138   mq2.o
       300          4          0         64          0       8164   object.o
      1124         52       2072       3968          0       7253   oled_i2c.o
       530         88          0         24        256       8426   scheduler.o
        64         26        392          0       1536        844   startup_stm32f40_41xxx.o
       396         24          0          0          0       5971   stm32f4xx_adc.o
       184         16          0          0          0       2068   stm32f4xx_exti.o
       266         34          0          0          0       3665   stm32f4xx_flash.o
       222          0          0          0          0       2835   stm32f4xx_gpio.o
       520         28          0          0          0       6063   stm32f4xx_i2c.o
        18          0          0          0          0       2655   stm32f4xx_it.o
       392         48          0         16          0       5725   stm32f4xx_rcc.o
        64          4          0          0          0        644   stm32f4xx_syscfg.o
       224         28          0          0          0       4716   stm32f4xx_tim.o
       468          8          0          0          0       6067   stm32f4xx_usart.o
       248         44          0          0          0       1706   supersonic.o
       340         32          0         20          0       1785   system_stm32f4xx.o
       776         36          0          0          0      11911   thread.o
       260         14          0          0          0       1642   timer.o
       732         20          0         12          0      11180   timer_1.o
       590         48          0         20        576       6776   usart.o

    ----------------------------------------------------------------------
     20956       3860       2918       4288      13536     760826   Object Totals
         0          0         32          0          0          0   (incl. Generated)
        38          0          2          8          0          0   (incl. Padding)

    ----------------------------------------------------------------------

      Code (inc. data)   RO Data    RW Data    ZI Data      Debug   Library Member Name

       100          0          0          0          0          0   __dclz77c.o
         8          0          0          0          0         68   __main.o
       312          4         17          0          0         92   __printf_flags_wp.o
        14          0          0          0          0         68   __printf_wp.o
         0          0          0          0          0          0   __rtentry.o
        12          0          0          0          0          0   __rtentry2.o
         6          0          0          0          0          0   __rtentry4.o
        52          8          0          0          0          0   __scatter.o
        28          0          0          0          0          0   __scatter_zi.o
        44          0          0          0          0        108   _printf_char.o
        48          6          0          0          0         96   _printf_char_common.o
        36          4          0          0          0         80   _printf_char_file.o
         6          0          0          0          0          0   _printf_d.o
       120         16          0          0          0         92   _printf_dec.o
         6          0          0          0          0          0   _printf_f.o
      1054          0          0          0          0        216   _printf_fp_dec.o
       128         16          0          0          0         84   _printf_fp_infnan.o
        88          4         40          0          0         88   _printf_hex_int.o
       178          0          0          0          0         88   _printf_intcommon.o
        78          0          0          0          0        108   _printf_pad.o
         0          0          0          0          0          0   _printf_percent.o
         4          0          0          0          0          0   _printf_percent_end.o
         6          0          0          0          0          0   _printf_s.o
        82          0          0          0          0         80   _printf_str.o
         6          0          0          0          0          0   _printf_x.o
        10          0          0          0          0         68   _sputc.o
       228          4        148          0          0         96   bigflt0.o
      1936        128          0          0          0        672   btod.o
        18          0          0          0          0         80   exit.o
         8          0          0          0          0         68   ferror.o
         6          0          0          0          0        152   heapauxi.o
        44         10         28          0          0         76   lc_numeric_c.o
         2          0          0          0          0          0   libinit.o
        22          0          0          0          0          0   libinit2.o
         2          0          0          0          0          0   libshutdown.o
         2          0          0          0          0          0   libshutdown2.o
         8          4          0          0         96         68   libspace.o
       138          0          0          0          0         80   lludiv10.o
        24          4          0          0          0         84   noretval__2printf.o
        40          6          0          0          0         84   noretval__2sprintf.o
         8          4          0          0          0         68   rt_locale_intlibspace.o
        78          0          0          0          0         80   rt_memclr_w.o
       138          0          0          0          0         68   rt_memcpy_v6.o
       100          0          0          0          0         80   rt_memcpy_w.o
         2          0          0          0          0          0   rtexit.o
        10          0          0          0          0          0   rtexit2.o
       128          0          0          0          0         68   strcmpv7m.o
        72          0          0          0          0         80   strcpy.o
        32          0          0          0          0         80   strcspn.o
        62          0          0          0          0         76   strlen.o
        28          0          0          0          0         80   strspn.o
        36          0          0          0          0         80   strstr.o
        12          6          0          4          0         68   strtok.o
        68          4          0          0          0         84   strtok_int.o
        74          0          0          0          0         80   sys_stackheap_outer.o
         2          0          0          0          0         68   use_no_semi.o
         2          0          0          0          0         68   use_no_semi_2.o
        98          4          0          0          0        140   d2f.o
        24          0          0          0          0        116   dcmpi.o
       688        140          0          0          0        256   ddiv.o
        38          0          0          0          0        116   dflt_clz.o
       120          4          0          0          0        140   dleqf.o
       340         12          0          0          0        152   dmul.o
       156          4          0          0          0        140   dnaninf.o
        12          0          0          0          0        116   dretinf.o
       108          0          0          0          0        128   drleqf.o
        86          4          0          0          0        132   f2d.o
       140          4          0          0          0        132   fnaninf.o
        10          0          0          0          0        116   fpinit.o
        10          0          0          0          0        116   fretinf.o
         4          0          0          0          0        116   printf1.o
         0          0          0          0          0          0   usenofp.o
        48          0          0          0          0        124   fpclassify.o

    ----------------------------------------------------------------------
      7654        400        236          4        100       5964   Library Totals
        16          0          3          0          4          0   (incl. Padding)

    ----------------------------------------------------------------------

      Code (inc. data)   RO Data    RW Data    ZI Data      Debug   Library Name

      5756        228        233          4         96       3924   c_w.l
      1834        172          0          0          0       1916   fz_wm.l
        48          0          0          0          0        124   m_wm.l

    ----------------------------------------------------------------------
      7654        400        236          4        100       5964   Library Totals

    ----------------------------------------------------------------------

==============================================================================


      Code (inc. data)   RO Data    RW Data    ZI Data      Debug   

     28610       4260       3154       4292      13636     740454   Grand Totals
     28610       4260       3154       1668      13636     740454   ELF Image Totals (compressed)
     28610       4260       3154       1668          0          0   ROM Totals

==============================================================================

    Total RO  Size (Code + RO Data)                31764 (  31.02kB)
    Total RW  Size (RW Data + ZI Data)             17928 (  17.51kB)
    Total ROM Size (Code + RO Data + RW Data)      33432 (  32.65kB)

==============================================================================

