<html>
<body>
<pre>
<h1>µVision Build Log</h1>
<h2>Tool Versions:</h2>
IDE-Version: ¦ÌVision V5.25.2.0
Copyright (C) 2018 ARM Ltd and ARM Germany GmbH. All rights reserved.
License Information: 1 Administrator, 2, LIC=47GU5-G2RZB-CXWU6-DDTEP-R77GU-0JR40
 
Tool Versions:
Toolchain:       MDK-ARM Plus  Version: 5.25.2.0
Toolchain Path:  C:\Keil_v5\ARM\ARMCC\Bin
C Compiler:      Armcc.exe V5.06 update 6 (build 750)
Assembler:       Armasm.exe V5.06 update 6 (build 750)
Linker/Locator:  ArmLink.exe V5.06 update 6 (build 750)
Library Manager: ArmAr.exe V5.06 update 6 (build 750)
Hex Converter:   FromElf.exe V5.06 update 6 (build 750)
CPU DLL:         SARMCM3.DLL V5.25.2.0
Dialog DLL:      DCM.DLL V1.17.1.0
Target DLL:      Segger\JL2CM3.dll V2.99.29.0
Dialog DLL:      TCM.DLL V1.35.1.0
 
<h2>Project:</h2>
C:\Users\Administrator\Desktop\RTT_STM407\USER\stm32407.uvprojx
Project File Date:  04/12/2020

<h2>Output:</h2>
*** Using Compiler 'V5.06 update 6 (build 750)', folder: 'C:\Keil_v5\ARM\ARMCC\Bin'
Build target 'project'
compiling MFRC522.c...
..\Driver\rc522\MFRC522.c(660): warning:  #940-D: missing return statement at end of non-void function "rwCardData" 
  }
..\Driver\rc522\MFRC522.c(590): warning:  #550-D: variable "status"  was set but never used
  		uint8_t status;
..\Driver\rc522\MFRC522.c(666): warning:  #177-D: variable "mfrc552pidbuf"  was declared but never referenced
  	u8  mfrc552pidbuf[18];
..\Driver\rc522\MFRC522.c(669): warning:  #177-D: variable "card_readbuf"  was declared but never referenced
  	u8  card_readbuf[18];
..\Driver\rc522\MFRC522.c: 4 warnings, 0 errors
linking...
Program Size: Code=28610 RO-data=3154 RW-data=4292 ZI-data=13636  
FromELF: creating hex file...
"..\obj\stm32407.axf" - 0 Error(s), 4 Warning(s).

<h2>Software Packages used:</h2>

Package Vendor: Keil
                http://www.keil.com/pack/Keil.STM32F4xx_DFP.1.0.8.pack
                Keil.STM32F4xx_DFP.1.0.8
                STMicroelectronics STM32F4 Series Device Support, Drivers and Examples

<h2>Collection of Component include folders:</h2>
  .\RTE\_project
  C:\Keil_v5\ARM\PACK\Keil\STM32F4xx_DFP\1.0.8\Device\Include

<h2>Collection of Component Files used:</h2>
Build Time Elapsed:  00:00:02
</pre>
</body>
</html>
